Component: ARM Compiler 5.05 update 1 (build 106) Tool: armlink [4d0efa]

==============================================================================

Section Cross References

    main.o(.text) refers to misc.o(.text) for NVIC_PriorityGroupConfig
    main.o(.text) refers to delay.o(.text) for delay_init
    main.o(.text) refers to usart.o(.text) for uart_init
    main.o(.text) refers to usart2.o(.text) for usart2_init
    main.o(.text) refers to usart3.o(.text) for usart3_init
    main.o(.text) refers to led.o(.text) for LED_Init
    main.o(.text) refers to beep.o(.text) for BEEP_Init
    main.o(.text) refers to exti.o(.text) for EXTIX_Init
    main.o(.text) refers to w25qxx.o(.text) for W25QXX_Init
    main.o(.text) refers to vs10xx.o(.text) for VS_Init
    main.o(.text) refers to malloc.o(.text) for my_mem_init
    main.o(.text) refers to exfuns_1.o(.text) for exfuns_init
    main.o(.text) refers to ff_1.o(.text) for f_mount
    main.o(.text) refers to motor.o(.text) for car_init
    main.o(.text) refers to mp3player.o(.text) for mp3_init
    main.o(.text) refers to mpu6050.o(.text) for MPU_Init
    main.o(.text) refers to inv_mpu.o(.text) for mpu_dmp_init
    main.o(.text) refers to atoi.o(.text) for atoi
    main.o(.text) refers to exfuns_1.o(.data) for fs
    main.o(.text) refers to usart3.o(.data) for RUNNING_TASK_FLAG
    main.o(.text) refers to inv_mpu.o(.data) for global_seconds
    main.o(.text) refers to usart3.o(.bss) for tasks
    main.o(.text) refers to usart.o(.data) for USART_RX_STA
    main.o(.text) refers to usart.o(.bss) for USART_TX_BUF
    main.o(.text) refers to usart2.o(.data) for USART2_RX_STA
    main.o(.text) refers to usart2.o(.bss) for USART2_TX_BUF
    system_stm32f10x.o(.text) refers to system_stm32f10x.o(.data) for SystemCoreClock
    usart2.o(.text) refers to _printf_pad.o(.text) for _printf_pre_padding
    usart2.o(.text) refers to _printf_percent.o(.ARM.Collect$$_printf_percent$$00000000) for _printf_percent
    usart2.o(.text) refers to _printf_x.o(.ARM.Collect$$_printf_percent$$0000000C) for _printf_x
    usart2.o(.text) refers to _printf_hex_int_ll_ptr.o(.text) for _printf_longlong_hex
    usart2.o(.text) refers to _printf_d.o(.ARM.Collect$$_printf_percent$$00000009) for _printf_d
    usart2.o(.text) refers to _printf_f.o(.ARM.Collect$$_printf_percent$$00000003) for _printf_f
    usart2.o(.text) refers to _printf_s.o(.ARM.Collect$$_printf_percent$$00000014) for _printf_s
    usart2.o(.text) refers to _printf_dec.o(.text) for _printf_int_dec
    usart2.o(.text) refers to printf1.o(x$fpl$printf1) for _printf_fp_dec
    usart2.o(.text) refers to _printf_str.o(.text) for _printf_str
    usart2.o(.text) refers to stm32f10x_usart.o(.text) for USART_GetITStatus
    usart2.o(.text) refers to __2sprintf.o(.text) for __2sprintf
    usart2.o(.text) refers to f2d.o(x$fpl$f2d) for __aeabi_f2d
    usart2.o(.text) refers to stm32f10x_rcc.o(.text) for RCC_APB2PeriphClockCmd
    usart2.o(.text) refers to stm32f10x_gpio.o(.text) for GPIO_Init
    usart2.o(.text) refers to misc.o(.text) for NVIC_Init
    usart2.o(.text) refers to usart2.o(.data) for findHead
    usart2.o(.text) refers to usart2.o(.bss) for USART2_RX_BUF
    usart2.o(.text) refers to exti.o(.data) for global_y
    usart3.o(.text) refers to _printf_percent.o(.ARM.Collect$$_printf_percent$$00000000) for _printf_percent
    usart3.o(.text) refers to _printf_s.o(.ARM.Collect$$_printf_percent$$00000014) for _printf_s
    usart3.o(.text) refers to _printf_str.o(.text) for _printf_str
    usart3.o(.text) refers to c89vsprintf.o(.text) for __c89vsprintf
    usart3.o(.text) refers to strlen.o(.text) for strlen
    usart3.o(.text) refers to stm32f10x_usart.o(.text) for USART_GetFlagStatus
    usart3.o(.text) refers to motor.o(.text) for car_stop
    usart3.o(.text) refers to usart.o(.text) for start_search_wifi
    usart3.o(.text) refers to rt_memclr.o(.text) for __aeabi_memclr
    usart3.o(.text) refers to strchr.o(.text) for strchr
    usart3.o(.text) refers to atof.o(i.atof) for atof
    usart3.o(.text) refers to d2f.o(x$fpl$d2f) for __aeabi_d2f
    usart3.o(.text) refers to atoi.o(.text) for atoi
    usart3.o(.text) refers to strcmpv7m.o(.text) for strcmp
    usart3.o(.text) refers to strcpy.o(.text) for strcpy
    usart3.o(.text) refers to stm32f10x_tim.o(.text) for TIM_GetITStatus
    usart3.o(.text) refers to __2printf.o(.text) for __2printf
    usart3.o(.text) refers to stm32f10x_rcc.o(.text) for RCC_APB1PeriphClockCmd
    usart3.o(.text) refers to misc.o(.text) for NVIC_Init
    usart3.o(.text) refers to usart3.o(.bss) for USART3_TX_BUF
    usart3.o(.text) refers to usart3.o(.data) for RUNNING_TASK_FLAG
    usart3.o(.text) refers to exti.o(.data) for global_x
    usart3.o(.text) refers to motor.o(.data) for ADJUST_DEALY
    usart3.o(.text) refers to mp3player.o(.bss) for song_path
    usart3.o(.text) refers to stm32f10x_gpio.o(.text) for GPIO_Init
    usart3.o(.text) refers to delay.o(.text) for delay_ms
[...]
    USART_SmartCardNACKCmd                   0x0800c4d1   Thumb Code    24  stm32f10x_usart.o(.text)
    USART_HalfDuplexCmd                      0x0800c4e9   Thumb Code    24  stm32f10x_usart.o(.text)
    USART_OverSampling8Cmd                   0x0800c501   Thumb Code    22  stm32f10x_usart.o(.text)
    USART_OneBitMethodCmd                    0x0800c517   Thumb Code    24  stm32f10x_usart.o(.text)
    USART_IrDAConfig                         0x0800c52f   Thumb Code    18  stm32f10x_usart.o(.text)
    USART_IrDACmd                            0x0800c541   Thumb Code    24  stm32f10x_usart.o(.text)
    USART_GetFlagStatus                      0x0800c559   Thumb Code    26  stm32f10x_usart.o(.text)
    USART_ClearFlag                          0x0800c573   Thumb Code    18  stm32f10x_usart.o(.text)
    USART_GetITStatus                        0x0800c585   Thumb Code    84  stm32f10x_usart.o(.text)
    USART_ClearITPendingBit                  0x0800c5d9   Thumb Code    52  stm32f10x_usart.o(.text)
    TIM_DeInit                               0x0800c60d   Thumb Code   424  stm32f10x_tim.o(.text)
    TIM_TimeBaseInit                         0x0800c7b5   Thumb Code   122  stm32f10x_tim.o(.text)
    TIM_OC1Init                              0x0800c82f   Thumb Code   132  stm32f10x_tim.o(.text)
    TIM_OC2Init                              0x0800c8b3   Thumb Code   154  stm32f10x_tim.o(.text)
    TIM_OC3Init                              0x0800c94d   Thumb Code   150  stm32f10x_tim.o(.text)
    TIM_OC4Init                              0x0800c9e3   Thumb Code   182  stm32f10x_tim.o(.text)
    TIM_SetIC4Prescaler                      0x0800ca99   Thumb Code    26  stm32f10x_tim.o(.text)
    TIM_SetIC3Prescaler                      0x0800cb35   Thumb Code    18  stm32f10x_tim.o(.text)
    TIM_SetIC2Prescaler                      0x0800cbc1   Thumb Code    26  stm32f10x_tim.o(.text)
    TIM_SetIC1Prescaler                      0x0800cc5d   Thumb Code    18  stm32f10x_tim.o(.text)
    TIM_ICInit                               0x0800ccdb   Thumb Code   150  stm32f10x_tim.o(.text)
    TIM_PWMIConfig                           0x0800cd71   Thumb Code   124  stm32f10x_tim.o(.text)
    TIM_BDTRConfig                           0x0800cded   Thumb Code    32  stm32f10x_tim.o(.text)
    TIM_TimeBaseStructInit                   0x0800ce0d   Thumb Code    18  stm32f10x_tim.o(.text)
    TIM_OCStructInit                         0x0800ce1f   Thumb Code    20  stm32f10x_tim.o(.text)
    TIM_ICStructInit                         0x0800ce33   Thumb Code    18  stm32f10x_tim.o(.text)
    TIM_BDTRStructInit                       0x0800ce45   Thumb Code    40  stm32f10x_tim.o(.text)
    TIM_Cmd                                  0x0800ce6d   Thumb Code    24  stm32f10x_tim.o(.text)
    TIM_CtrlPWMOutputs                       0x0800ce85   Thumb Code    30  stm32f10x_tim.o(.text)
    TIM_ITConfig                             0x0800cea3   Thumb Code    18  stm32f10x_tim.o(.text)
    TIM_GenerateEvent                        0x0800ceb5   Thumb Code     4  stm32f10x_tim.o(.text)
    TIM_DMAConfig                            0x0800ceb9   Thumb Code    10  stm32f10x_tim.o(.text)
    TIM_DMACmd                               0x0800cec3   Thumb Code    18  stm32f10x_tim.o(.text)
    TIM_InternalClockConfig                  0x0800ced5   Thumb Code    12  stm32f10x_tim.o(.text)
    TIM_SelectInputTrigger                   0x0800cee1   Thumb Code    18  stm32f10x_tim.o(.text)
    TIM_ITRxExternalClockConfig              0x0800cef3   Thumb Code    24  stm32f10x_tim.o(.text)
    TIM_TIxExternalClockConfig               0x0800cf0b   Thumb Code    62  stm32f10x_tim.o(.text)
    TIM_ETRConfig                            0x0800cf49   Thumb Code    28  stm32f10x_tim.o(.text)
    TIM_ETRClockMode1Config                  0x0800cf65   Thumb Code    54  stm32f10x_tim.o(.text)
    TIM_ETRClockMode2Config                  0x0800cf9b   Thumb Code    32  stm32f10x_tim.o(.text)
    TIM_PrescalerConfig                      0x0800cfbb   Thumb Code     6  stm32f10x_tim.o(.text)
    TIM_CounterModeConfig                    0x0800cfc1   Thumb Code    18  stm32f10x_tim.o(.text)
    TIM_EncoderInterfaceConfig               0x0800cfd3   Thumb Code    66  stm32f10x_tim.o(.text)
    TIM_ForcedOC1Config                      0x0800d015   Thumb Code    18  stm32f10x_tim.o(.text)
    TIM_ForcedOC2Config                      0x0800d027   Thumb Code    26  stm32f10x_tim.o(.text)
    TIM_ForcedOC3Config                      0x0800d041   Thumb Code    18  stm32f10x_tim.o(.text)
    TIM_ForcedOC4Config                      0x0800d053   Thumb Code    26  stm32f10x_tim.o(.text)
    TIM_ARRPreloadConfig                     0x0800d06d   Thumb Code    24  stm32f10x_tim.o(.text)
    TIM_SelectCOM                            0x0800d085   Thumb Code    24  stm32f10x_tim.o(.text)
    TIM_SelectCCDMA                          0x0800d09d   Thumb Code    24  stm32f10x_tim.o(.text)
    TIM_CCPreloadControl                     0x0800d0b5   Thumb Code    24  stm32f10x_tim.o(.text)
    TIM_OC1PreloadConfig                     0x0800d0cd   Thumb Code    18  stm32f10x_tim.o(.text)
    TIM_OC2PreloadConfig                     0x0800d0df   Thumb Code    26  stm32f10x_tim.o(.text)
    TIM_OC3PreloadConfig                     0x0800d0f9   Thumb Code    18  stm32f10x_tim.o(.text)
    TIM_OC4PreloadConfig                     0x0800d10b   Thumb Code    26  stm32f10x_tim.o(.text)
    TIM_OC1FastConfig                        0x0800d125   Thumb Code    18  stm32f10x_tim.o(.text)
    TIM_OC2FastConfig                        0x0800d137   Thumb Code    26  stm32f10x_tim.o(.text)
    TIM_OC3FastConfig                        0x0800d151   Thumb Code    18  stm32f10x_tim.o(.text)
    TIM_OC4FastConfig                        0x0800d163   Thumb Code    26  stm32f10x_tim.o(.text)
    TIM_ClearOC1Ref                          0x0800d17d   Thumb Code    18  stm32f10x_tim.o(.text)
    TIM_ClearOC2Ref                          0x0800d18f   Thumb Code    24  stm32f10x_tim.o(.text)
    TIM_ClearOC3Ref                          0x0800d1a7   Thumb Code    18  stm32f10x_tim.o(.text)
    TIM_ClearOC4Ref                          0x0800d1b9   Thumb Code    24  stm32f10x_tim.o(.text)
    TIM_OC1PolarityConfig                    0x0800d1d1   Thumb Code    18  stm32f10x_tim.o(.text)
    TIM_OC1NPolarityConfig                   0x0800d1e3   Thumb Code    18  stm32f10x_tim.o(.text)
    TIM_OC2PolarityConfig                    0x0800d1f5   Thumb Code    26  stm32f10x_tim.o(.text)
    TIM_OC2NPolarityConfig                   0x0800d20f   Thumb Code    26  stm32f10x_tim.o(.text)
    TIM_OC3PolarityConfig                    0x0800d229   Thumb Code    26  stm32f10x_tim.o(.text)
    TIM_OC3NPolarityConfig                   0x0800d243   Thumb Code    26  stm32f10x_tim.o(.text)
    TIM_OC4PolarityConfig                    0x0800d25d   Thumb Code    26  stm32f10x_tim.o(.text)
    TIM_CCxCmd                               0x0800d277   Thumb Code    30  stm32f10x_tim.o(.text)
    TIM_CCxNCmd                              0x0800d295   Thumb Code    30  stm32f10x_tim.o(.text)
    TIM_SelectOCxM                           0x0800d2b3   Thumb Code    82  stm32f10x_tim.o(.text)
    TIM_UpdateDisableConfig                  0x0800d305   Thumb Code    24  stm32f10x_tim.o(.text)
    TIM_UpdateRequestConfig                  0x0800d31d   Thumb Code    24  stm32f10x_tim.o(.text)
    TIM_SelectHallSensor                     0x0800d335   Thumb Code    24  stm32f10x_tim.o(.text)
    TIM_SelectOnePulseMode                   0x0800d34d   Thumb Code    18  stm32f10x_tim.o(.text)
    TIM_SelectOutputTrigger                  0x0800d35f   Thumb Code    18  stm32f10x_tim.o(.text)
    TIM_SelectSlaveMode                      0x0800d371   Thumb Code    18  stm32f10x_tim.o(.text)
    TIM_SelectMasterSlaveMode                0x0800d383   Thumb Code    18  stm32f10x_tim.o(.text)
    TIM_SetCounter                           0x0800d395   Thumb Code     4  stm32f10x_tim.o(.text)
    TIM_SetAutoreload                        0x0800d399   Thumb Code     4  stm32f10x_tim.o(.text)
    TIM_SetCompare1                          0x0800d39d   Thumb Code     4  stm32f10x_tim.o(.text)
    TIM_SetCompare2                          0x0800d3a1   Thumb Code     4  stm32f10x_tim.o(.text)
    TIM_SetCompare3                          0x0800d3a5   Thumb Code     4  stm32f10x_tim.o(.text)
    TIM_SetCompare4                          0x0800d3a9   Thumb Code     6  stm32f10x_tim.o(.text)
    TIM_SetClockDivision                     0x0800d3af   Thumb Code    18  stm32f10x_tim.o(.text)
    TIM_GetCapture1                          0x0800d3c1   Thumb Code     6  stm32f10x_tim.o(.text)
    TIM_GetCapture2                          0x0800d3c7   Thumb Code     6  stm32f10x_tim.o(.text)
    TIM_GetCapture3                          0x0800d3cd   Thumb Code     6  stm32f10x_tim.o(.text)
    TIM_GetCapture4                          0x0800d3d3   Thumb Code     8  stm32f10x_tim.o(.text)
    TIM_GetCounter                           0x0800d3db   Thumb Code     6  stm32f10x_tim.o(.text)
    TIM_GetPrescaler                         0x0800d3e1   Thumb Code     6  stm32f10x_tim.o(.text)
    TIM_GetFlagStatus                        0x0800d3e7   Thumb Code    18  stm32f10x_tim.o(.text)
    TIM_ClearFlag                            0x0800d3f9   Thumb Code     6  stm32f10x_tim.o(.text)
    TIM_GetITStatus                          0x0800d3ff   Thumb Code    34  stm32f10x_tim.o(.text)
    TIM_ClearITPendingBit                    0x0800d421   Thumb Code     6  stm32f10x_tim.o(.text)
    DMA_DeInit                               0x0800d429   Thumb Code   324  stm32f10x_dma.o(.text)
    DMA_Init                                 0x0800d56d   Thumb Code    60  stm32f10x_dma.o(.text)
    DMA_StructInit                           0x0800d5a9   Thumb Code    26  stm32f10x_dma.o(.text)
    DMA_Cmd                                  0x0800d5c3   Thumb Code    24  stm32f10x_dma.o(.text)
    DMA_ITConfig                             0x0800d5db   Thumb Code    18  stm32f10x_dma.o(.text)
    DMA_SetCurrDataCounter                   0x0800d5ed   Thumb Code     4  stm32f10x_dma.o(.text)
    DMA_GetCurrDataCounter                   0x0800d5f1   Thumb Code     8  stm32f10x_dma.o(.text)
    DMA_GetFlagStatus                        0x0800d5f9   Thumb Code    40  stm32f10x_dma.o(.text)
    DMA_ClearFlag                            0x0800d621   Thumb Code    22  stm32f10x_dma.o(.text)
    DMA_GetITStatus                          0x0800d637   Thumb Code    40  stm32f10x_dma.o(.text)
    DMA_ClearITPendingBit                    0x0800d65f   Thumb Code    22  stm32f10x_dma.o(.text)
    SDIO_DeInit                              0x0800d67d   Thumb Code    28  stm32f10x_sdio.o(.text)
    SDIO_Init                                0x0800d699   Thumb Code    42  stm32f10x_sdio.o(.text)
    SDIO_StructInit                          0x0800d6c3   Thumb Code    16  stm32f10x_sdio.o(.text)
    SDIO_ClockCmd                            0x0800d6d3   Thumb Code     6  stm32f10x_sdio.o(.text)
    SDIO_SetPowerState                       0x0800d6d9   Thumb Code    22  stm32f10x_sdio.o(.text)
    SDIO_GetPowerState                       0x0800d6ef   Thumb Code    10  stm32f10x_sdio.o(.text)
    SDIO_ITConfig                            0x0800d6f9   Thumb Code    26  stm32f10x_sdio.o(.text)
    SDIO_DMACmd                              0x0800d713   Thumb Code     6  stm32f10x_sdio.o(.text)
    SDIO_SendCommand                         0x0800d719   Thumb Code    38  stm32f10x_sdio.o(.text)
    SDIO_CmdStructInit                       0x0800d73f   Thumb Code    14  stm32f10x_sdio.o(.text)
    SDIO_GetCommandResponse                  0x0800d74d   Thumb Code     8  stm32f10x_sdio.o(.text)
    SDIO_GetResponse                         0x0800d755   Thumb Code    22  stm32f10x_sdio.o(.text)
    SDIO_DataConfig                          0x0800d76b   Thumb Code    42  stm32f10x_sdio.o(.text)
    SDIO_DataStructInit                      0x0800d795   Thumb Code    20  stm32f10x_sdio.o(.text)
    SDIO_GetDataCounter                      0x0800d7a9   Thumb Code     6  stm32f10x_sdio.o(.text)
    SDIO_ReadData                            0x0800d7af   Thumb Code     8  stm32f10x_sdio.o(.text)
    SDIO_WriteData                           0x0800d7b7   Thumb Code     8  stm32f10x_sdio.o(.text)
    SDIO_GetFIFOCount                        0x0800d7bf   Thumb Code     6  stm32f10x_sdio.o(.text)
    SDIO_StartSDIOReadWait                   0x0800d7c5   Thumb Code     8  stm32f10x_sdio.o(.text)
    SDIO_StopSDIOReadWait                    0x0800d7cd   Thumb Code     8  stm32f10x_sdio.o(.text)
    SDIO_SetSDIOReadWaitMode                 0x0800d7d5   Thumb Code     8  stm32f10x_sdio.o(.text)
    SDIO_SetSDIOOperation                    0x0800d7dd   Thumb Code     8  stm32f10x_sdio.o(.text)
    SDIO_SendSDIOSuspendCmd                  0x0800d7e5   Thumb Code     6  stm32f10x_sdio.o(.text)
    SDIO_CommandCompletionCmd                0x0800d7eb   Thumb Code     8  stm32f10x_sdio.o(.text)
    SDIO_CEATAITCmd                          0x0800d7f3   Thumb Code    12  stm32f10x_sdio.o(.text)
    SDIO_SendCEATACmd                        0x0800d7ff   Thumb Code     8  stm32f10x_sdio.o(.text)
    SDIO_GetFlagStatus                       0x0800d807   Thumb Code    20  stm32f10x_sdio.o(.text)
    SDIO_ClearFlag                           0x0800d81b   Thumb Code     6  stm32f10x_sdio.o(.text)
    SDIO_GetITStatus                         0x0800d821   Thumb Code    20  stm32f10x_sdio.o(.text)
    SDIO_ClearITPendingBit                   0x0800d835   Thumb Code     6  stm32f10x_sdio.o(.text)
    SPI_I2S_DeInit                           0x0800d851   Thumb Code    76  stm32f10x_spi.o(.text)
    SPI_Init                                 0x0800d89d   Thumb Code    60  stm32f10x_spi.o(.text)
    I2S_Init                                 0x0800d8d9   Thumb Code   226  stm32f10x_spi.o(.text)
    SPI_StructInit                           0x0800d9bb   Thumb Code    24  stm32f10x_spi.o(.text)
    I2S_StructInit                           0x0800d9d3   Thumb Code    20  stm32f10x_spi.o(.text)
    SPI_Cmd                                  0x0800d9e7   Thumb Code    24  stm32f10x_spi.o(.text)
    I2S_Cmd                                  0x0800d9ff   Thumb Code    24  stm32f10x_spi.o(.text)
    SPI_I2S_ITConfig                         0x0800da17   Thumb Code    32  stm32f10x_spi.o(.text)
    SPI_I2S_DMACmd                           0x0800da37   Thumb Code    18  stm32f10x_spi.o(.text)
    SPI_I2S_SendData                         0x0800da49   Thumb Code     4  stm32f10x_spi.o(.text)
    SPI_I2S_ReceiveData                      0x0800da4d   Thumb Code     6  stm32f10x_spi.o(.text)
    SPI_NSSInternalSoftwareConfig            0x0800da53   Thumb Code    30  stm32f10x_spi.o(.text)
    SPI_SSOutputCmd                          0x0800da71   Thumb Code    24  stm32f10x_spi.o(.text)
    SPI_DataSizeConfig                       0x0800da89   Thumb Code    18  stm32f10x_spi.o(.text)
    SPI_TransmitCRC                          0x0800da9b   Thumb Code    10  stm32f10x_spi.o(.text)
    SPI_CalculateCRC                         0x0800daa5   Thumb Code    24  stm32f10x_spi.o(.text)
    SPI_GetCRC                               0x0800dabd   Thumb Code    16  stm32f10x_spi.o(.text)
    SPI_GetCRCPolynomial                     0x0800dacd   Thumb Code     6  stm32f10x_spi.o(.text)
    SPI_BiDirectionalLineConfig              0x0800dad3   Thumb Code    28  stm32f10x_spi.o(.text)
    SPI_I2S_GetFlagStatus                    0x0800daef   Thumb Code    18  stm32f10x_spi.o(.text)
    SPI_I2S_ClearFlag                        0x0800db01   Thumb Code     6  stm32f10x_spi.o(.text)
    SPI_I2S_GetITStatus                      0x0800db07   Thumb Code    52  stm32f10x_spi.o(.text)
    SPI_I2S_ClearITPendingBit                0x0800db3b   Thumb Code    20  stm32f10x_spi.o(.text)
    EXTI_DeInit                              0x0800db5d   Thumb Code    28  stm32f10x_exti.o(.text)
    EXTI_Init                                0x0800db79   Thumb Code   142  stm32f10x_exti.o(.text)
    EXTI_StructInit                          0x0800dc07   Thumb Code    16  stm32f10x_exti.o(.text)
    EXTI_GenerateSWInterrupt                 0x0800dc17   Thumb Code    16  stm32f10x_exti.o(.text)
    EXTI_GetFlagStatus                       0x0800dc27   Thumb Code    22  stm32f10x_exti.o(.text)
    EXTI_ClearFlag                           0x0800dc3d   Thumb Code     8  stm32f10x_exti.o(.text)
    EXTI_GetITStatus                         0x0800dc45   Thumb Code    34  stm32f10x_exti.o(.text)
    EXTI_ClearITPendingBit                   0x0800dc67   Thumb Code     8  stm32f10x_exti.o(.text)
    __use_no_semihosting                     0x0800dc79   Thumb Code     2  use_no_semi_2.o(.text)
    __aeabi_ldivmod                          0x0800dc7b   Thumb Code     0  llsdiv.o(.text)
    _ll_sdiv                                 0x0800dc7b   Thumb Code    72  llsdiv.o(.text)
    __c89vsprintf                            0x0800dcc5   Thumb Code    32  c89vsprintf.o(.text)
    __2printf                                0x0800dce9   Thumb Code    20  __2printf.o(.text)
    __2sprintf                               0x0800dd01   Thumb Code    38  __2sprintf.o(.text)
    _printf_pre_padding                      0x0800dd2d   Thumb Code    44  _printf_pad.o(.text)
    _printf_post_padding                     0x0800dd59   Thumb Code    34  _printf_pad.o(.text)
    _printf_str                              0x0800dd7b   Thumb Code    82  _printf_str.o(.text)
    _printf_int_dec                          0x0800ddcd   Thumb Code   104  _printf_dec.o(.text)
    _printf_longlong_hex                     0x0800de45   Thumb Code    86  _printf_hex_int_ll_ptr.o(.text)
    _printf_int_hex                          0x0800de9b   Thumb Code    28  _printf_hex_int_ll_ptr.o(.text)
    _printf_ll_hex                           0x0800deb7   Thumb Code    12  _printf_hex_int_ll_ptr.o(.text)
    _printf_hex_ptr                          0x0800dec3   Thumb Code    18  _printf_hex_int_ll_ptr.o(.text)
    __printf                                 0x0800ded9   Thumb Code   388  __printf_flags_ss_wp.o(.text)
    atoi                                     0x0800e061   Thumb Code    26  atoi.o(.text)
    strchr                                   0x0800e07b   Thumb Code    20  strchr.o(.text)
    memcmp                                   0x0800e08f   Thumb Code    88  memcmp.o(.text)
    strcpy                                   0x0800e0e7   Thumb Code    72  strcpy.o(.text)
    strlen                                   0x0800e12f   Thumb Code    62  strlen.o(.text)
    __aeabi_memcpy                           0x0800e16d   Thumb Code     0  rt_memcpy_v6.o(.text)
    __rt_memcpy                              0x0800e16d   Thumb Code   138  rt_memcpy_v6.o(.text)
    _memcpy_lastbytes                        0x0800e1d3   Thumb Code     0  rt_memcpy_v6.o(.text)
    __aeabi_memset                           0x0800e1f7   Thumb Code    16  aeabi_memset.o(.text)
    __aeabi_memclr                           0x0800e207   Thumb Code     0  rt_memclr.o(.text)
    __rt_memclr                              0x0800e207   Thumb Code    68  rt_memclr.o(.text)
    _memset                                  0x0800e20b   Thumb Code     0  rt_memclr.o(.text)
    strcmp                                   0x0800e24d   Thumb Code   128  strcmpv7m.o(.text)
    __use_two_region_memory                  0x0800e2cd   Thumb Code     2  heapauxi.o(.text)
    __rt_heap_escrow$2region                 0x0800e2cf   Thumb Code     2  heapauxi.o(.text)
    __rt_heap_expand$2region                 0x0800e2d1   Thumb Code     2  heapauxi.o(.text)
    __I$use$semihosting                      0x0800e2d3   Thumb Code     0  use_no_semi.o(.text)
    __use_no_semihosting_swi                 0x0800e2d3   Thumb Code     2  use_no_semi.o(.text)
    __aeabi_errno_addr                       0x0800e2d5   Thumb Code     8  rt_errno_addr_intlibspace.o(.text)
    __errno$intlibspace                      0x0800e2d5   Thumb Code     0  rt_errno_addr_intlibspace.o(.text)
    __rt_errno_addr$intlibspace              0x0800e2d5   Thumb Code     0  rt_errno_addr_intlibspace.o(.text)
    __aeabi_uldivmod                         0x0800e2dd   Thumb Code     0  lludivv7m.o(.text)
    _ll_udiv                                 0x0800e2dd   Thumb Code   238  lludivv7m.o(.text)
    __read_errno                             0x0800e3cb   Thumb Code    10  _rserrno.o(.text)
    __set_errno                              0x0800e3d5   Thumb Code    12  _rserrno.o(.text)
    _printf_truncate_signed                  0x0800e3e1   Thumb Code    18  _printf_truncate.o(.text)
    _printf_truncate_unsigned                0x0800e3f3   Thumb Code    18  _printf_truncate.o(.text)
    _printf_int_common                       0x0800e405   Thumb Code   178  _printf_intcommon.o(.text)
    _printf_charcount                        0x0800e4b7   Thumb Code    40  _printf_charcount.o(.text)
    __lib_sel_fp_printf                      0x0800e4df   Thumb Code     2  _printf_fp_dec.o(.text)
    _printf_fp_dec_real                      0x0800e68d   Thumb Code   620  _printf_fp_dec.o(.text)
    _printf_char_common                      0x0800e903   Thumb Code    32  _printf_char_common.o(.text)
    _sputc                                   0x0800e929   Thumb Code    10  _sputc.o(.text)
    _printf_cs_common                        0x0800e933   Thumb Code    20  _printf_char.o(.text)
    _printf_char                             0x0800e947   Thumb Code    16  _printf_char.o(.text)
    _printf_string                           0x0800e957   Thumb Code     8  _printf_char.o(.text)
    _printf_char_file                        0x0800e961   Thumb Code    32  _printf_char_file.o(.text)
    _printf_wctomb                           0x0800e985   Thumb Code   182  _printf_wctomb.o(.text)
    _printf_longlong_dec                     0x0800ea41   Thumb Code   108  _printf_longlong_dec.o(.text)
    _printf_longlong_oct                     0x0800eabd   Thumb Code    68  _printf_oct_int_ll.o(.text)
    _printf_int_oct                          0x0800eb01   Thumb Code    24  _printf_oct_int_ll.o(.text)
    _printf_ll_oct                           0x0800eb19   Thumb Code    12  _printf_oct_int_ll.o(.text)
    __strtod_int                             0x0800eb69   Thumb Code    88  strtod.o(.text)
    strtol                                   0x0800ebcd   Thumb Code   112  strtol.o(.text)
    __aeabi_memcpy4                          0x0800ec3d   Thumb Code     0  rt_memcpy_w.o(.text)
    __aeabi_memcpy8                          0x0800ec3d   Thumb Code     0  rt_memcpy_w.o(.text)
    __rt_memcpy_w                            0x0800ec3d   Thumb Code   100  rt_memcpy_w.o(.text)
    _memcpy_lastbytes_aligned                0x0800ec85   Thumb Code     0  rt_memcpy_w.o(.text)
    __aeabi_memclr4                          0x0800eca1   Thumb Code     0  rt_memclr_w.o(.text)
    __aeabi_memclr8                          0x0800eca1   Thumb Code     0  rt_memclr_w.o(.text)
    __rt_memclr_w                            0x0800eca1   Thumb Code    78  rt_memclr_w.o(.text)
    _memset_w                                0x0800eca5   Thumb Code     0  rt_memclr_w.o(.text)
    __user_libspace                          0x0800ecf1   Thumb Code     8  libspace.o(.text)
    __user_perproc_libspace                  0x0800ecf1   Thumb Code     0  libspace.o(.text)
    __user_perthread_libspace                0x0800ecf1   Thumb Code     0  libspace.o(.text)
    __rt_ctype_table                         0x0800ecf9   Thumb Code    16  rt_ctype_table.o(.text)
    __rt_locale                              0x0800ed09   Thumb Code     8  rt_locale_intlibspace.o(.text)
    _ll_udiv10                               0x0800ed11   Thumb Code   138  lludiv10.o(.text)
    isspace                                  0x0800ed9b   Thumb Code    18  isspace.o(.text)
    _printf_fp_infnan                        0x0800edad   Thumb Code   112  _printf_fp_infnan.o(.text)
    _printf_lcs_common                       0x0800ee2d   Thumb Code    20  _printf_wchar.o(.text)
    _printf_wchar                            0x0800ee41   Thumb Code    16  _printf_wchar.o(.text)
    _printf_wstring                          0x0800ee51   Thumb Code     8  _printf_wchar.o(.text)
    _sgetc                                   0x0800ee59   Thumb Code    30  _sgetc.o(.text)
    _sbackspace                              0x0800ee77   Thumb Code    34  _sgetc.o(.text)
    _strtoul                                 0x0800ee99   Thumb Code   158  _strtoul.o(.text)
    _btod_etento                             0x0800ef39   Thumb Code   216  bigflt0.o(.text)
    ferror                                   0x0800f015   Thumb Code     8  ferror.o(.text)
    _wcrtomb                                 0x0800f01d   Thumb Code    64  _wcrtomb.o(.text)
    __user_setup_stackheap                   0x0800f05d   Thumb Code    74  sys_stackheap_outer.o(.text)
    _chval                                   0x0800f0a7   Thumb Code    28  _chval.o(.text)
    _scanf_really_real                       0x0800f2c1   Thumb Code   668  scanf_fp.o(.text)
    exit                                     0x0800f569   Thumb Code    12  exit.o(.text)
    _scanf_really_hex_real                   0x0800f575   Thumb Code   778  scanf_hexfp.o(.text)
    _scanf_really_infnan                     0x0800f88d   Thumb Code   292  scanf_infnan.o(.text)
    __aeabi_llsl                             0x0800f9c1   Thumb Code     0  llshl.o(.text)
    _ll_shift_l                              0x0800f9c1   Thumb Code    38  llshl.o(.text)
    _btod_d2e                                0x0800f9e7   Thumb Code    62  btod.o(CL$$btod_d2e)
    _d2e_denorm_low                          0x0800fa25   Thumb Code    70  btod.o(CL$$btod_d2e_denorm_low)
    _d2e_norm_op1                            0x0800fa6b   Thumb Code    96  btod.o(CL$$btod_d2e_norm_op1)
    __btod_div_common                        0x0800facb   Thumb Code   696  btod.o(CL$$btod_div_common)
    _e2d                                     0x0800fe05   Thumb Code    80  btod.o(CL$$btod_e2d)
    _e2e                                     0x0800fe59   Thumb Code   198  btod.o(CL$$btod_e2e)
    _btod_ediv                               0x0800ff1f   Thumb Code    40  btod.o(CL$$btod_ediv)
    _btod_edivd                              0x0800ff47   Thumb Code    40  btod.o(CL$$btod_edivd)
    _btod_emul                               0x0800ff6f   Thumb Code    40  btod.o(CL$$btod_emul)
    _btod_emuld                              0x0800ff97   Thumb Code    40  btod.o(CL$$btod_emuld)
    __btod_mult_common                       0x0800ffbf   Thumb Code   580  btod.o(CL$$btod_mult_common)
    __ARM_fpclassify                         0x08010203   Thumb Code    40  fpclassify.o(i.__ARM_fpclassify)
    __ieee754_rem_pio2                       0x0801022d   Thumb Code   828  rred.o(i.__ieee754_rem_pio2)
    __kernel_cos                             0x080105b5   Thumb Code   230  cos_i.o(i.__kernel_cos)
    __kernel_poly                            0x080106b1   Thumb Code   170  poly.o(i.__kernel_poly)
    __kernel_sin                             0x0801075d   Thumb Code   224  sin_i.o(i.__kernel_sin)
    __mathlib_dbl_infnan                     0x08010849   Thumb Code     6  dunder.o(i.__mathlib_dbl_infnan)
    __mathlib_dbl_infnan2                    0x0801084f   Thumb Code     4  dunder.o(i.__mathlib_dbl_infnan2)
    __mathlib_dbl_invalid                    0x08010853   Thumb Code    12  dunder.o(i.__mathlib_dbl_invalid)
    __mathlib_dbl_overflow                   0x0801085f   Thumb Code    14  dunder.o(i.__mathlib_dbl_overflow)
    __mathlib_dbl_underflow                  0x0801086d   Thumb Code    10  dunder.o(i.__mathlib_dbl_underflow)
    __mathlib_narrow                         0x0801087d   Thumb Code    16  narrow.o(i.__mathlib_narrow)
    __mathlib_tofloat                        0x0801088d   Thumb Code   132  narrow.o(i.__mathlib_tofloat)
    __support_ldexp                          0x08010915   Thumb Code    22  ldexp.o(i.__support_ldexp)
    _is_digit                                0x0801092b   Thumb Code    14  __printf_wp.o(i._is_digit)
    asin                                     0x08010939   Thumb Code   572  asin.o(i.asin)
    atan                                     0x08010ba9   Thumb Code   474  atan.o(i.atan)
    atan2                                    0x08010dc9   Thumb Code   346  atan2.o(i.atan2)
    atof                                     0x08010f49   Thumb Code    42  atof.o(i.atof)
    cos                                      0x08010f75   Thumb Code   148  cos.o(i.cos)
    frexp                                    0x08011011   Thumb Code    80  frexp.o(i.frexp)
    ldexp                                    0x08011069   Thumb Code   116  ldexp.o(i.ldexp)
    sin                                      0x080110dd   Thumb Code   150  sin.o(i.sin)
    sqrt                                     0x0801117d   Thumb Code    76  sqrt.o(i.sqrt)
    _get_lc_numeric                          0x080111c9   Thumb Code    44  lc_numeric_c.o(locale$$code)
    _get_lc_ctype                            0x080111f5   Thumb Code    44  lc_ctype_c.o(locale$$code)
    __aeabi_d2f                              0x08011221   Thumb Code     0  d2f.o(x$fpl$d2f)
    _d2f                                     0x08011221   Thumb Code    98  d2f.o(x$fpl$d2f)
    __aeabi_dadd                             0x08011285   Thumb Code     0  daddsub_clz.o(x$fpl$dadd)
    _dadd                                    0x08011285   Thumb Code   332  daddsub_clz.o(x$fpl$dadd)
    __fpl_dcheck_NaN1                        0x080113d5   Thumb Code    10  dcheck1.o(x$fpl$dcheck1)
    __fpl_dcmp_Inf                           0x080113e5   Thumb Code    24  dcmpi.o(x$fpl$dcmpinf)
    __aeabi_ddiv                             0x080113fd   Thumb Code     0  ddiv.o(x$fpl$ddiv)
    _ddiv                                    0x080113fd   Thumb Code   552  ddiv.o(x$fpl$ddiv)
    __aeabi_cdcmpeq                          0x080116ad   Thumb Code     0  deqf.o(x$fpl$deqf)
    _dcmpeq                                  0x080116ad   Thumb Code   120  deqf.o(x$fpl$deqf)
    __aeabi_d2iz                             0x08011725   Thumb Code     0  dfix.o(x$fpl$dfix)
    _dfix                                    0x08011725   Thumb Code    94  dfix.o(x$fpl$dfix)
    __aeabi_d2uiz                            0x08011785   Thumb Code     0  dfixu.o(x$fpl$dfixu)
    _dfixu                                   0x08011785   Thumb Code    90  dfixu.o(x$fpl$dfixu)
    __aeabi_i2d                              0x080117df   Thumb Code     0  dflt_clz.o(x$fpl$dflt)
    _dflt                                    0x080117df   Thumb Code    46  dflt_clz.o(x$fpl$dflt)
    __aeabi_ui2d                             0x0801180d   Thumb Code     0  dflt_clz.o(x$fpl$dfltu)
    _dfltu                                   0x0801180d   Thumb Code    38  dflt_clz.o(x$fpl$dfltu)
    __aeabi_cdcmple                          0x08011835   Thumb Code     0  dleqf.o(x$fpl$dleqf)
    _dcmple                                  0x08011835   Thumb Code   120  dleqf.o(x$fpl$dleqf)
    __fpl_dcmple_InfNaN                      0x08011897   Thumb Code     0  dleqf.o(x$fpl$dleqf)
    __aeabi_dmul                             0x080118ad   Thumb Code     0  dmul.o(x$fpl$dmul)
    _dmul                                    0x080118ad   Thumb Code   332  dmul.o(x$fpl$dmul)
    __fpl_dnaninf                            0x08011a01   Thumb Code   156  dnaninf.o(x$fpl$dnaninf)
    __fpl_dretinf                            0x08011a9d   Thumb Code    12  dretinf.o(x$fpl$dretinf)
    __aeabi_cdrcmple                         0x08011aa9   Thumb Code     0  drleqf.o(x$fpl$drleqf)
    _drcmple                                 0x08011aa9   Thumb Code   108  drleqf.o(x$fpl$drleqf)
    __aeabi_drsub                            0x08011b15   Thumb Code     0  daddsub_clz.o(x$fpl$drsb)
    _drsb                                    0x08011b15   Thumb Code    22  daddsub_clz.o(x$fpl$drsb)
    _dsqrt                                   0x08011b2d   Thumb Code   456  dsqrt_noumaal.o(x$fpl$dsqrt)
    __aeabi_dsub                             0x08011cf9   Thumb Code     0  daddsub_clz.o(x$fpl$dsub)
    _dsub                                    0x08011cf9   Thumb Code   464  daddsub_clz.o(x$fpl$dsub)
    __aeabi_f2d                              0x08011ecd   Thumb Code     0  f2d.o(x$fpl$f2d)
    _f2d                                     0x08011ecd   Thumb Code    86  f2d.o(x$fpl$f2d)
    __aeabi_fadd                             0x08011f25   Thumb Code     0  faddsub_clz.o(x$fpl$fadd)
    _fadd                                    0x08011f25   Thumb Code   196  faddsub_clz.o(x$fpl$fadd)
    __fpl_fcmp_Inf                           0x08011fe9   Thumb Code    24  fcmpi.o(x$fpl$fcmpinf)
    __aeabi_fdiv                             0x08012001   Thumb Code     0  fdiv.o(x$fpl$fdiv)
    _fdiv                                    0x08012001   Thumb Code   384  fdiv.o(x$fpl$fdiv)
    __aeabi_cfcmpeq                          0x08012185   Thumb Code     0  feqf.o(x$fpl$feqf)
    _fcmpeq                                  0x08012185   Thumb Code   104  feqf.o(x$fpl$feqf)
    __aeabi_f2iz                             0x080121ed   Thumb Code     0  ffix.o(x$fpl$ffix)
    _ffix                                    0x080121ed   Thumb Code    54  ffix.o(x$fpl$ffix)
    __aeabi_f2uiz                            0x08012225   Thumb Code     0  ffixu.o(x$fpl$ffixu)
    _ffixu                                   0x08012225   Thumb Code    62  ffixu.o(x$fpl$ffixu)
    __aeabi_i2f                              0x08012265   Thumb Code     0  fflt_clz.o(x$fpl$fflt)
    _fflt                                    0x08012265   Thumb Code    48  fflt_clz.o(x$fpl$fflt)
    __aeabi_ui2f                             0x08012295   Thumb Code     0  fflt_clz.o(x$fpl$ffltu)
    _ffltu                                   0x08012295   Thumb Code    38  fflt_clz.o(x$fpl$ffltu)
    __aeabi_cfcmple                          0x080122bd   Thumb Code     0  fleqf.o(x$fpl$fleqf)
    _fcmple                                  0x080122bd   Thumb Code   104  fleqf.o(x$fpl$fleqf)
    __fpl_fcmple_InfNaN                      0x0801230f   Thumb Code     0  fleqf.o(x$fpl$fleqf)
    __aeabi_fmul                             0x08012325   Thumb Code     0  fmul.o(x$fpl$fmul)
    _fmul                                    0x08012325   Thumb Code   258  fmul.o(x$fpl$fmul)
    __fpl_fnaninf                            0x08012427   Thumb Code   140  fnaninf.o(x$fpl$fnaninf)
    __fpl_fretinf                            0x080124b3   Thumb Code    10  fretinf.o(x$fpl$fretinf)
    __aeabi_cfrcmple                         0x080124bd   Thumb Code     0  frleqf.o(x$fpl$frleqf)
    _frcmple                                 0x080124bd   Thumb Code    98  frleqf.o(x$fpl$frleqf)
    __aeabi_fsub                             0x08012521   Thumb Code     0  faddsub_clz.o(x$fpl$fsub)
    _fsub                                    0x08012521   Thumb Code   234  faddsub_clz.o(x$fpl$fsub)
    _printf_fp_dec                           0x0801260b   Thumb Code     4  printf1.o(x$fpl$printf1)
    __fpl_return_NaN                         0x0801260f   Thumb Code   100  retnan.o(x$fpl$retnan)
    __ARM_scalbn                             0x08012673   Thumb Code    92  scalbn.o(x$fpl$scalbn)
    _scanf_real                              0x080126cf   Thumb Code     4  scanf1.o(x$fpl$scanf1)
    _scanf_hex_real                          0x080126d3   Thumb Code     4  scanf2.o(x$fpl$scanf2)
    _scanf_infnan                            0x080126d7   Thumb Code     4  scanf2.o(x$fpl$scanf2)
    __fpl_cmpreturn                          0x080126db   Thumb Code    48  trapv.o(x$fpl$trapveneer)
    __I$use$fp                               0x0801270a   Number         0  usenofp.o(x$fpl$usenofp)
    bitrate                                  0x0801270a   Data          64  vs10xx.o(.constdata)
    reg                                      0x0801274c   Data          27  inv_mpu.o(.constdata)
    hw                                       0x08012768   Data          12  inv_mpu.o(.constdata)
    test                                     0x08012774   Data          40  inv_mpu.o(.constdata)
    memtblsize                               0x08013394   Data           8  malloc.o(.constdata)
    memblksize                               0x0801339c   Data           8  malloc.o(.constdata)
    memsize                                  0x080133a4   Data           8  malloc.o(.constdata)
    FILE_TYPE_TBL                            0x080133ac   Data         312  exfuns_1.o(.constdata)
    __mathlib_zero                           0x08013a38   Data           8  qnan.o(.constdata)
    Region$$Table$$Base                      0x08013c78   Number         0  anon$$obj.o(Region$$Table)
    Region$$Table$$Limit                     0x08013c98   Number         0  anon$$obj.o(Region$$Table)
    __aeabi_HUGE_VAL                         0x08013c98   Data           0  fpconst.o(c$$dinf)
    __aeabi_HUGE_VALL                        0x08013c98   Data           0  fpconst.o(c$$dinf)
    __aeabi_INFINITY                         0x08013c98   Data           0  fpconst.o(c$$dinf)
    __dInf                                   0x08013c98   Data           0  fpconst.o(c$$dinf)
    __huge_val                               0x08013c98   Data           0  fpconst.o(c$$dinf)
    __ctype                                  0x08013cc9   Data           0  lc_ctype_c.o(locale$$data)
    SystemCoreClock                          0x20000000   Data           4  system_stm32f10x.o(.data)
    AHBPrescTable                            0x20000004   Data          16  system_stm32f10x.o(.data)
    USART2_RX_STA                            0x20000014   Data           2  usart2.o(.data)
    findHead                                 0x20000016   Data           1  usart2.o(.data)
    translate_flag                           0x20000017   Data           1  usart2.o(.data)
    check_sum                                0x20000018   Data           1  usart2.o(.data)
    RUNNING_TASK_FLAG                        0x2000001c   Data           1  usart3.o(.data)
    task_count                               0x2000001d   Data           1  usart3.o(.data)
    cur_index                                0x2000001e   Data           1  usart3.o(.data)
    delay_task_second_counter                0x20000020   Data           4  usart3.o(.data)
    USART3_RX_STA                            0x20000024   Data           2  usart3.o(.data)
    SPEED_DIF                                0x20000028   Data           1  motor.o(.data)
    START_AUST                               0x20000029   Data           1  motor.o(.data)
    ADJUST_DEALY                             0x2000002a   Data           1  motor.o(.data)
    TURN_SPEED                               0x2000002b   Data           1  motor.o(.data)
    cur_task                                 0x2000002c   Data           1  motor.o(.data)
    raw_yaw                                  0x2000002e   Data           2  motor.o(.data)
    tar_yaw                                  0x20000030   Data           2  motor.o(.data)
    last_yaw_dis                             0x20000032   Data           2  motor.o(.data)
    speed_l                                  0x20000034   Data           4  motor.o(.data)
    speed_r                                  0x20000038   Data           4  motor.o(.data)
    temp_yaw                                 0x2000003c   Data           4  motor.o(.data)
    reverse_flag                             0x20000040   Data           1  motor.o(.data)
    error_count                              0x20000041   Data           1  motor.o(.data)
    adjust_count                             0x20000042   Data           1  motor.o(.data)
    total_adjust_count                       0x20000043   Data           1  motor.o(.data)
    W25QXX_TYPE                              0x20000044   Data           2  w25qxx.o(.data)
    vsset                                    0x20000046   Data           8  vs10xx.o(.data)
    distence                                 0x20000050   Data           4  sr04.o(.data)
    GET_DIS_FLAG                             0x20000054   Data           1  sr04.o(.data)
    TIM4CH1_CAPTURE_STA                      0x20000055   Data           1  sr04.o(.data)
    TIM4CH1_CAPTURE_VAL                      0x20000056   Data           2  sr04.o(.data)
    pitch                                    0x20000090   Data           4  inv_mpu.o(.data)
    roll                                     0x20000094   Data           4  inv_mpu.o(.data)
    yaw                                      0x20000098   Data           4  inv_mpu.o(.data)
    aacx                                     0x2000009c   Data           2  inv_mpu.o(.data)
    aacy                                     0x2000009e   Data           2  inv_mpu.o(.data)
    aacz                                     0x200000a0   Data           2  inv_mpu.o(.data)
    gyrox                                    0x200000a2   Data           2  inv_mpu.o(.data)
    gyroy                                    0x200000a4   Data           2  inv_mpu.o(.data)
    gyroz                                    0x200000a6   Data           2  inv_mpu.o(.data)
    UPDATE_OLA_FLAG                          0x200000a8   Data           1  inv_mpu.o(.data)
    global_seconds                           0x200000ac   Data           4  inv_mpu.o(.data)
    ir_count                                 0x200000b0   Data           4  inv_mpu.o(.data)
    STEP                                     0x200000b4   Data           4  exti.o(.data)
    global_x                                 0x200000b8   Data           4  exti.o(.data)
    global_y                                 0x200000bc   Data           4  exti.o(.data)
    exti_task                                0x200000c0   Data           4  exti.o(.data)
    init_weel_flag                           0x200000c4   Data           1  exti.o(.data)
    mallco_dev                               0x200000c8   Data          28  malloc.o(.data)
    mp3_playing                              0x200000e4   Data           1  mp3player.o(.data)
    fmp3                                     0x200000e8   Data           4  mp3player.o(.data)
    res                                      0x200000ec   Data           1  mp3player.o(.data)
    i                                        0x200000f0   Data           4  mp3player.o(.data)
    __stdout                                 0x200000f8   Data           4  usart.o(.data)
    USART_RX_STA                             0x200000fc   Data           2  usart.o(.data)
    finish_tag_count                         0x200000fe   Data           1  usart.o(.data)
    FLASH_SECTOR_COUNT                       0x20000100   Data           2  diskio_1.o(.data)
    fs                                       0x20000104   Data           8  exfuns_1.o(.data)
    file                                     0x2000010c   Data           4  exfuns_1.o(.data)
    ftemp                                    0x20000110   Data           4  exfuns_1.o(.data)
    br                                       0x20000114   Data           4  exfuns_1.o(.data)
    bw                                       0x20000118   Data           4  exfuns_1.o(.data)
    fatbuf                                   0x2000011c   Data           4  exfuns_1.o(.data)
    TransferError                            0x20000136   Data           1  sdio_sdcard_1.o(.data)
    TransferEnd                              0x20000137   Data           1  sdio_sdcard_1.o(.data)
    tempbuff                                 0x20000138   Data           4  sdio_sdcard_1.o(.data)
    USART2_RX_BUF                            0x20000150   Data         200  usart2.o(.bss)
    USART2_TX_BUF                            0x20000218   Data         200  usart2.o(.bss)
    USART3_RX_BUF                            0x200002e0   Data         100  usart3.o(.bss)
    USART3_TX_BUF                            0x20000344   Data        2500  usart3.o(.bss)
    tasks                                    0x20000d08   Data         200  usart3.o(.bss)
    W25QXX_BUFFER                            0x20000dd0   Data        4096  w25qxx.o(.bss)
    mem1base                                 0x20001de0   Data       40960  malloc.o(.bss)
    mem1mapbase                              0x2000bde0   Data        2560  malloc.o(.bss)
    song_path                                0x2000c7e0   Data         100  mp3player.o(.bss)
    mp3                                      0x2000c844   Data         552  mp3player.o(.bss)
    databuf                                  0x2000ca6c   Data         133  mp3player.o(.bss)
    USART_RX_BUF                             0x2000caf1   Data        3000  usart.o(.bss)
    USART_TX_BUF                             0x2000d6a9   Data        3000  usart.o(.bss)
    ftinfo                                   0x2000e261   Data          33  fontupd_1.o(.bss)
    SDIO_InitStructure                       0x2000e288   Data          24  sdio_sdcard_1.o(.bss)
    SDIO_CmdInitStructure                    0x2000e2a0   Data          20  sdio_sdcard_1.o(.bss)
    SDIO_DataInitStructure                   0x2000e2b4   Data          24  sdio_sdcard_1.o(.bss)
    SDCardInfo                               0x2000e2f0   Data          88  sdio_sdcard_1.o(.bss)
    SDIO_DATA_BUFFER                         0x2000e348   Data         512  sdio_sdcard_1.o(.bss)
    __libspace_start                         0x2000e548   Data          96  libspace.o(.bss)
    __temporary_stack_top$libspace           0x2000e5a8   Data           0  libspace.o(.bss)
    mem2base                                 0x68000000   Data       983040  malloc.o(.ARM.__AT_0x68000000)
    mem2mapbase                              0x680f0000   Data       61440  malloc.o(.ARM.__AT_0x680F0000)



==============================================================================

Memory Map of the image

  Image Entry point : 0x08000131

  Load Region LR_IROM1 (Base: 0x08000000, Size: 0x00013f1c, Max: 0x00080000, ABSOLUTE, COMPRESSED[0x00013e30])

    Execution Region ER_IROM1 (Base: 0x08000000, Size: 0x00013dcc, Max: 0x00080000, ABSOLUTE)

    Base Addr    Size         Type   Attr      Idx    E Section Name        Object

    0x08000000   0x00000130   Data   RO          843    RESET               startup_stm32f10x_hd.o
    0x08000130   0x00000008   Code   RO         1063  * !!!main             c_w.l(__main.o)
    0x08000138   0x00000034   Code   RO         1576    !!!scatter          c_w.l(__scatter.o)
    0x0800016c   0x0000005a   Code   RO         1574    !!dczerorl2         c_w.l(__dczerorl2.o)
    0x080001c6   0x00000002   PAD
    0x080001c8   0x0000001c   Code   RO         1578    !!handler_zi        c_w.l(__scatter_zi.o)
    0x080001e4   0x00000000   Code   RO         1040    .ARM.Collect$$_printf_percent$$00000000  c_w.l(_printf_percent.o)
    0x080001e4   0x00000006   Code   RO         1206    .ARM.Collect$$_printf_percent$$00000001  c_w.l(_printf_n.o)
    0x080001ea   0x00000006   Code   RO         1207    .ARM.Collect$$_printf_percent$$00000002  c_w.l(_printf_p.o)
    0x080001f0   0x00000006   Code   RO         1039    .ARM.Collect$$_printf_percent$$00000003  c_w.l(_printf_f.o)
    0x080001f6   0x00000006   Code   RO         1211    .ARM.Collect$$_printf_percent$$00000004  c_w.l(_printf_e.o)
    0x080001fc   0x00000006   Code   RO         1212    .ARM.Collect$$_printf_percent$$00000005  c_w.l(_printf_g.o)
    0x08000202   0x00000006   Code   RO         1213    .ARM.Collect$$_printf_percent$$00000006  c_w.l(_printf_a.o)
    0x08000208   0x0000000a   Code   RO         1218    .ARM.Collect$$_printf_percent$$00000007  c_w.l(_printf_ll.o)
    0x08000212   0x00000006   Code   RO         1209    .ARM.Collect$$_printf_percent$$00000008  c_w.l(_printf_i.o)
    0x08000218   0x00000006   Code   RO         1038    .ARM.Collect$$_printf_percent$$00000009  c_w.l(_printf_d.o)
    0x0800021e   0x00000006   Code   RO         1210    .ARM.Collect$$_printf_percent$$0000000A  c_w.l(_printf_u.o)
    0x08000224   0x00000006   Code   RO         1208    .ARM.Collect$$_printf_percent$$0000000B  c_w.l(_printf_o.o)
    0x0800022a   0x00000006   Code   RO         1037    .ARM.Collect$$_printf_percent$$0000000C  c_w.l(_printf_x.o)
    0x08000230   0x00000006   Code   RO         1215    .ARM.Collect$$_printf_percent$$0000000D  c_w.l(_printf_lli.o)
    0x08000236   0x00000006   Code   RO         1216    .ARM.Collect$$_printf_percent$$0000000E  c_w.l(_printf_lld.o)
    0x0800023c   0x00000006   Code   RO         1217    .ARM.Collect$$_printf_percent$$0000000F  c_w.l(_printf_llu.o)
    0x08000242   0x00000006   Code   RO         1222    .ARM.Collect$$_printf_percent$$00000010  c_w.l(_printf_llo.o)
    0x08000248   0x00000006   Code   RO         1223    .ARM.Collect$$_printf_percent$$00000011  c_w.l(_printf_llx.o)
    0x0800024e   0x0000000a   Code   RO         1219    .ARM.Collect$$_printf_percent$$00000012  c_w.l(_printf_l.o)
    0x08000258   0x00000006   Code   RO         1035    .ARM.Collect$$_printf_percent$$00000013  c_w.l(_printf_c.o)
    0x0800025e   0x00000006   Code   RO         1036    .ARM.Collect$$_printf_percent$$00000014  c_w.l(_printf_s.o)
    0x08000264   0x00000006   Code   RO         1220    .ARM.Collect$$_printf_percent$$00000015  c_w.l(_printf_lc.o)
    0x0800026a   0x00000006   Code   RO         1221    .ARM.Collect$$_printf_percent$$00000016  c_w.l(_printf_ls.o)
    0x08000270   0x00000004   Code   RO         1214    .ARM.Collect$$_printf_percent$$00000017  c_w.l(_printf_percent_end.o)
    0x08000274   0x00000002   Code   RO         1401    .ARM.Collect$$libinit$$00000000  c_w.l(libinit.o)
    0x08000276   0x00000000   Code   RO         1403    .ARM.Collect$$libinit$$00000002  c_w.l(libinit2.o)
    0x08000276   0x00000000   Code   RO         1405    .ARM.Collect$$libinit$$00000004  c_w.l(libinit2.o)
    0x08000276   0x00000000   Code   RO         1408    .ARM.Collect$$libinit$$0000000A  c_w.l(libinit2.o)
    0x08000276   0x00000000   Code   RO         1410    .ARM.Collect$$libinit$$0000000C  c_w.l(libinit2.o)
    0x08000276   0x00000000   Code   RO         1412    .ARM.Collect$$libinit$$0000000E  c_w.l(libinit2.o)
    0x08000276   0x00000006   Code   RO         1413    .ARM.Collect$$libinit$$0000000F  c_w.l(libinit2.o)
    0x0800027c   0x00000000   Code   RO         1415    .ARM.Collect$$libinit$$00000011  c_w.l(libinit2.o)
    0x0800027c   0x0000000c   Code   RO         1416    .ARM.Collect$$libinit$$00000012  c_w.l(libinit2.o)
    0x08000288   0x00000000   Code   RO         1417    .ARM.Collect$$libinit$$00000013  c_w.l(libinit2.o)
    0x08000288   0x00000000   Code   RO         1419    .ARM.Collect$$libinit$$00000015  c_w.l(libinit2.o)
    0x08000288   0x0000000a   Code   RO         1420    .ARM.Collect$$libinit$$00000016  c_w.l(libinit2.o)
    0x08000292   0x00000000   Code   RO         1421    .ARM.Collect$$libinit$$00000017  c_w.l(libinit2.o)
    0x08000292   0x00000000   Code   RO         1423    .ARM.Collect$$libinit$$00000019  c_w.l(libinit2.o)
    0x08000292   0x00000000   Code   RO         1425    .ARM.Collect$$libinit$$0000001B  c_w.l(libinit2.o)
    0x08000292   0x00000000   Code   RO         1427    .ARM.Collect$$libinit$$0000001D  c_w.l(libinit2.o)
    0x08000292   0x00000000   Code   RO         1429    .ARM.Collect$$libinit$$0000001F  c_w.l(libinit2.o)
    0x08000292   0x00000000   Code   RO         1431    .ARM.Collect$$libinit$$00000021  c_w.l(libinit2.o)
    0x08000292   0x00000000   Code   RO         1433    .ARM.Collect$$libinit$$00000023  c_w.l(libinit2.o)
    0x08000292   0x00000000   Code   RO         1435    .ARM.Collect$$libinit$$00000025  c_w.l(libinit2.o)
    0x08000292   0x00000000   Code   RO         1439    .ARM.Collect$$libinit$$0000002C  c_w.l(libinit2.o)
    0x08000292   0x00000000   Code   RO         1441    .ARM.Collect$$libinit$$0000002E  c_w.l(libinit2.o)
    0x08000292   0x00000000   Code   RO         1443    .ARM.Collect$$libinit$$00000030  c_w.l(libinit2.o)
    0x08000292   0x00000000   Code   RO         1445    .ARM.Collect$$libinit$$00000032  c_w.l(libinit2.o)
    0x08000292   0x00000002   Code   RO         1446    .ARM.Collect$$libinit$$00000033  c_w.l(libinit2.o)
    0x08000294   0x00000002   Code   RO         1523    .ARM.Collect$$libshutdown$$00000000  c_w.l(libshutdown.o)
    0x08000296   0x00000000   Code   RO         1545    .ARM.Collect$$libshutdown$$00000003  c_w.l(libshutdown2.o)
    0x08000296   0x00000000   Code   RO         1548    .ARM.Collect$$libshutdown$$00000006  c_w.l(libshutdown2.o)
    0x08000296   0x00000000   Code   RO         1551    .ARM.Collect$$libshutdown$$00000009  c_w.l(libshutdown2.o)
    0x08000296   0x00000000   Code   RO         1553    .ARM.Collect$$libshutdown$$0000000B  c_w.l(libshutdown2.o)
    0x08000296   0x00000000   Code   RO         1556    .ARM.Collect$$libshutdown$$0000000E  c_w.l(libshutdown2.o)
    0x08000296   0x00000002   Code   RO         1557    .ARM.Collect$$libshutdown$$0000000F  c_w.l(libshutdown2.o)
    0x08000298   0x00000000   Code   RO         1169    .ARM.Collect$$rtentry$$00000000  c_w.l(__rtentry.o)
    0x08000298   0x00000000   Code   RO         1300    .ARM.Collect$$rtentry$$00000002  c_w.l(__rtentry2.o)
    0x08000298   0x00000006   Code   RO         1312    .ARM.Collect$$rtentry$$00000004  c_w.l(__rtentry4.o)
    0x0800029e   0x00000000   Code   RO         1302    .ARM.Collect$$rtentry$$00000009  c_w.l(__rtentry2.o)
    0x0800029e   0x00000004   Code   RO         1303    .ARM.Collect$$rtentry$$0000000A  c_w.l(__rtentry2.o)
    0x080002a2   0x00000000   Code   RO         1305    .ARM.Collect$$rtentry$$0000000C  c_w.l(__rtentry2.o)
    0x080002a2   0x00000008   Code   RO         1306    .ARM.Collect$$rtentry$$0000000D  c_w.l(__rtentry2.o)
    0x080002aa   0x00000002   Code   RO         1451    .ARM.Collect$$rtexit$$00000000  c_w.l(rtexit.o)
    0x080002ac   0x00000000   Code   RO         1479    .ARM.Collect$$rtexit$$00000002  c_w.l(rtexit2.o)
    0x080002ac   0x00000004   Code   RO         1480    .ARM.Collect$$rtexit$$00000003  c_w.l(rtexit2.o)
    0x080002b0   0x00000006   Code   RO         1481    .ARM.Collect$$rtexit$$00000004  c_w.l(rtexit2.o)
    0x080002b6   0x00000002   PAD
    0x080002b8   0x00000290   Code   RO            1    .text               main.o
    0x08000548   0x0000001a   Code   RO          193    .text               stm32f10x_it.o
    0x08000562   0x00000002   PAD
    0x08000564   0x000001e0   Code   RO          234    .text               system_stm32f10x.o
    0x08000744   0x0000026c   Code   RO          252    .text               usart2.o
    0x080009b0   0x000005b4   Code   RO          275    .text               usart3.o
    0x08000f64   0x0000004c   Code   RO          308    .text               led.o
    0x08000fb0   0x00000840   Code   RO          366    .text               motor.o
    0x080017f0   0x00000368   Code   RO          385    .text               w25qxx.o
    0x08001b58   0x000007a0   Code   RO          407    .text               vs10xx.o
    0x080022f8   0x00000204   Code   RO          430    .text               spi.o
    0x080024fc   0x00000088   Code   RO          442    .text               beep.o
    0x08002584   0x0000027c   Code   RO          454    .text               sr04.o
    0x08002800   0x000003ac   Code   RO          484    .text               mpu6050.o
    0x08002bac   0x0000024c   Code   RO          496    .text               mpuiic.o
    0x08002df8   0x0000233c   Code   RO          508    .text               inv_mpu.o
    0x08005134   0x00000d70   Code   RO          538    .text               inv_mpu_dmp_motion_driver.o
    0x08005ea4   0x0000017c   Code   RO          563    .text               exti.o
    0x08006020   0x0000022c   Code   RO          581    .text               malloc.o
    0x0800624c   0x000000e0   Code   RO          603    .text               mp3player.o
    0x0800632c   0x000000d4   Code   RO          629    .text               delay.o
    0x08006400   0x0000000c   Code   RO          644    .text               sys.o
    0x0800640c   0x00000254   Code   RO          660    .text               usart.o
    0x08006660   0x00000200   Code   RO          683    .text               diskio_1.o
    0x08006860   0x000001a8   Code   RO          705    .text               exfuns_1.o
    0x08006a08   0x000032e4   Code   RO          748    .text               ff_1.o
    0x08009cec   0x000000cc   Code   RO          784    .text               mycc936_1.o
    0x08009db8   0x00001c30   Code   RO          812    .text               sdio_sdcard_1.o
    0x0800b9e8   0x00000040   Code   RO          844    .text               startup_stm32f10x_hd.o
    0x0800ba28   0x000000dc   Code   RO          848    .text               misc.o
    0x0800bb04   0x0000035c   Code   RO          872    .text               stm32f10x_gpio.o
    0x0800be60   0x000003a4   Code   RO          884    .text               stm32f10x_rcc.o
    0x0800c204   0x00000408   Code   RO          898    .text               stm32f10x_usart.o
    0x0800c60c   0x00000e1a   Code   RO          910    .text               stm32f10x_tim.o
    0x0800d426   0x00000002   PAD
    0x0800d428   0x00000254   Code   RO          922    .text               stm32f10x_dma.o
    0x0800d67c   0x000001d4   Code   RO          934    .text               stm32f10x_sdio.o
    0x0800d850   0x0000030c   Code   RO          946    .text               stm32f10x_spi.o
    0x0800db5c   0x0000011c   Code   RO          958    .text               stm32f10x_exti.o
    0x0800dc78   0x00000002   Code   RO          972    .text               c_w.l(use_no_semi_2.o)
    0x0800dc7a   0x00000048   Code   RO          974    .text               c_w.l(llsdiv.o)
    0x0800dcc2   0x00000002   PAD
    0x0800dcc4   0x00000024   Code   RO          976    .text               c_w.l(c89vsprintf.o)
    0x0800dce8   0x00000018   Code   RO          978    .text               c_w.l(__2printf.o)
    0x0800dd00   0x0000002c   Code   RO          980    .text               c_w.l(__2sprintf.o)
    0x0800dd2c   0x0000004e   Code   RO          988    .text               c_w.l(_printf_pad.o)
    0x0800dd7a   0x00000052   Code   RO          990    .text               c_w.l(_printf_str.o)
    0x0800ddcc   0x00000078   Code   RO          992    .text               c_w.l(_printf_dec.o)
    0x0800de44   0x00000094   Code   RO         1012    .text               c_w.l(_printf_hex_int_ll_ptr.o)
    0x0800ded8   0x00000188   Code   RO         1032    .text               c_w.l(__printf_flags_ss_wp.o)
    0x0800e060   0x0000001a   Code   RO         1041    .text               c_w.l(atoi.o)
    0x0800e07a   0x00000014   Code   RO         1043    .text               c_w.l(strchr.o)
    0x0800e08e   0x00000058   Code   RO         1045    .text               c_w.l(memcmp.o)
    0x0800e0e6   0x00000048   Code   RO         1047    .text               c_w.l(strcpy.o)
    0x0800e12e   0x0000003e   Code   RO         1049    .text               c_w.l(strlen.o)
    0x0800e16c   0x0000008a   Code   RO         1053    .text               c_w.l(rt_memcpy_v6.o)
    0x0800e1f6   0x00000010   Code   RO         1055    .text               c_w.l(aeabi_memset.o)
    0x0800e206   0x00000044   Code   RO         1057    .text               c_w.l(rt_memclr.o)
    0x0800e24a   0x00000002   PAD
    0x0800e24c   0x00000080   Code   RO         1059    .text               c_w.l(strcmpv7m.o)
    0x0800e2cc   0x00000006   Code   RO         1061    .text               c_w.l(heapauxi.o)
    0x0800e2d2   0x00000002   Code   RO         1167    .text               c_w.l(use_no_semi.o)
    0x0800e2d4   0x00000008   Code   RO         1173    .text               c_w.l(rt_errno_addr_intlibspace.o)
    0x0800e2dc   0x000000ee   Code   RO         1175    .text               c_w.l(lludivv7m.o)
    0x0800e3ca   0x00000016   Code   RO         1177    .text               c_w.l(_rserrno.o)
    0x0800e3e0   0x00000024   Code   RO         1179    .text               c_w.l(_printf_truncate.o)
    0x0800e404   0x000000b2   Code   RO         1181    .text               c_w.l(_printf_intcommon.o)
    0x0800e4b6   0x00000028   Code   RO         1183    .text               c_w.l(_printf_charcount.o)
    0x0800e4de   0x0000041a   Code   RO         1185    .text               c_w.l(_printf_fp_dec.o)
    0x0800e8f8   0x00000030   Code   RO         1187    .text               c_w.l(_printf_char_common.o)
    0x0800e928   0x0000000a   Code   RO         1189    .text               c_w.l(_sputc.o)
    0x0800e932   0x0000002c   Code   RO         1191    .text               c_w.l(_printf_char.o)
    0x0800e95e   0x00000002   PAD
    0x0800e960   0x00000024   Code   RO         1193    .text               c_w.l(_printf_char_file.o)
    0x0800e984   0x000000bc   Code   RO         1195    .text               c_w.l(_printf_wctomb.o)
    0x0800ea40   0x0000007c   Code   RO         1198    .text               c_w.l(_printf_longlong_dec.o)
    0x0800eabc   0x00000070   Code   RO         1204    .text               c_w.l(_printf_oct_int_ll.o)
    0x0800eb2c   0x000000a0   Code   RO         1224    .text               c_w.l(strtod.o)
    0x0800ebcc   0x00000070   Code   RO         1226    .text               c_w.l(strtol.o)
    0x0800ec3c   0x00000064   Code   RO         1228    .text               c_w.l(rt_memcpy_w.o)
    0x0800eca0   0x0000004e   Code   RO         1230    .text               c_w.l(rt_memclr_w.o)
    0x0800ecee   0x00000002   PAD
    0x0800ecf0   0x00000008   Code   RO         1296    .text               c_w.l(libspace.o)
    0x0800ecf8   0x00000010   Code   RO         1314    .text               c_w.l(rt_ctype_table.o)
    0x0800ed08   0x00000008   Code   RO         1323    .text               c_w.l(rt_locale_intlibspace.o)
    0x0800ed10   0x0000008a   Code   RO         1325    .text               c_w.l(lludiv10.o)
    0x0800ed9a   0x00000012   Code   RO         1327    .text               c_w.l(isspace.o)
    0x0800edac   0x00000080   Code   RO         1329    .text               c_w.l(_printf_fp_infnan.o)
    0x0800ee2c   0x0000002c   Code   RO         1333    .text               c_w.l(_printf_wchar.o)
    0x0800ee58   0x00000040   Code   RO         1335    .text               c_w.l(_sgetc.o)
    0x0800ee98   0x0000009e   Code   RO         1337    .text               c_w.l(_strtoul.o)
    0x0800ef36   0x00000002   PAD
    0x0800ef38   0x000000dc   Code   RO         1339    .text               c_w.l(bigflt0.o)
    0x0800f014   0x00000008   Code   RO         1364    .text               c_w.l(ferror.o)
    0x0800f01c   0x00000040   Code   RO         1368    .text               c_w.l(_wcrtomb.o)
    0x0800f05c   0x0000004a   Code   RO         1383    .text               c_w.l(sys_stackheap_outer.o)
    0x0800f0a6   0x0000001c   Code   RO         1387    .text               c_w.l(_chval.o)
    0x0800f0c2   0x00000002   PAD
    0x0800f0c4   0x000004a4   Code   RO         1389    .text               c_w.l(scanf_fp.o)
    0x0800f568   0x0000000c   Code   RO         1394    .text               c_w.l(exit.o)
    0x0800f574   0x00000318   Code   RO         1487    .text               c_w.l(scanf_hexfp.o)
    0x0800f88c   0x00000134   Code   RO         1489    .text               c_w.l(scanf_infnan.o)
    0x0800f9c0   0x00000026   Code   RO         1511    .text               c_w.l(llshl.o)
    0x0800f9e6   0x0000003e   Code   RO         1342    CL$$btod_d2e        c_w.l(btod.o)
    0x0800fa24   0x00000046   Code   RO         1344    CL$$btod_d2e_denorm_low  c_w.l(btod.o)
    0x0800fa6a   0x00000060   Code   RO         1343    CL$$btod_d2e_norm_op1  c_w.l(btod.o)
    0x0800faca   0x00000338   Code   RO         1352    CL$$btod_div_common  c_w.l(btod.o)
    0x0800fe02   0x00000002   PAD
    0x0800fe04   0x00000054   Code   RO         1350    CL$$btod_e2d        c_w.l(btod.o)
    0x0800fe58   0x000000c6   Code   RO         1349    CL$$btod_e2e        c_w.l(btod.o)
    0x0800ff1e   0x00000028   Code   RO         1346    CL$$btod_ediv       c_w.l(btod.o)
    0x0800ff46   0x00000028   Code   RO         1348    CL$$btod_edivd      c_w.l(btod.o)
    0x0800ff6e   0x00000028   Code   RO         1345    CL$$btod_emul       c_w.l(btod.o)
    0x0800ff96   0x00000028   Code   RO         1347    CL$$btod_emuld      c_w.l(btod.o)
    0x0800ffbe   0x00000244   Code   RO         1351    CL$$btod_mult_common  c_w.l(btod.o)
    0x08010202   0x00000028   Code   RO         1272    i.__ARM_fpclassify  m_ws.l(fpclassify.o)
    0x0801022a   0x00000002   PAD
    0x0801022c   0x00000388   Code   RO         1277    i.__ieee754_rem_pio2  m_ws.l(rred.o)
    0x080105b4   0x000000fc   Code   RO         1255    i.__kernel_cos      m_ws.l(cos_i.o)
    0x080106b0   0x000000aa   Code   RO         1274    i.__kernel_poly     m_ws.l(poly.o)
    0x0801075a   0x00000002   PAD
    0x0801075c   0x000000ec   Code   RO         1282    i.__kernel_sin      m_ws.l(sin_i.o)
    0x08010848   0x00000006   Code   RO         1259    i.__mathlib_dbl_infnan  m_ws.l(dunder.o)
    0x0801084e   0x00000004   Code   RO         1260    i.__mathlib_dbl_infnan2  m_ws.l(dunder.o)
    0x08010852   0x0000000c   Code   RO         1261    i.__mathlib_dbl_invalid  m_ws.l(dunder.o)
    0x0801085e   0x0000000e   Code   RO         1262    i.__mathlib_dbl_overflow  m_ws.l(dunder.o)
    0x0801086c   0x00000010   Code   RO         1264    i.__mathlib_dbl_underflow  m_ws.l(dunder.o)
    0x0801087c   0x00000010   Code   RO         1472    i.__mathlib_narrow  m_ws.l(narrow.o)
    0x0801088c   0x00000088   Code   RO         1473    i.__mathlib_tofloat  m_ws.l(narrow.o)
    0x08010914   0x00000016   Code   RO         1525    i.__support_ldexp   m_ws.l(ldexp.o)
    0x0801092a   0x0000000e   Code   RO         1025    i._is_digit         c_w.l(__printf_wp.o)
    0x08010938   0x00000270   Code   RO         1130    i.asin              m_ws.l(asin.o)
    0x08010ba8   0x00000220   Code   RO         1246    i.atan              m_ws.l(atan.o)
    0x08010dc8   0x00000180   Code   RO         1140    i.atan2             m_ws.l(atan2.o)
    0x08010f48   0x0000002a   Code   RO         1148    i.atof              m_ws.l(atof.o)
    0x08010f72   0x00000002   PAD
    0x08010f74   0x0000009c   Code   RO         1152    i.cos               m_ws.l(cos.o)
    0x08011010   0x00000058   Code   RO         1504    i.frexp             m_ws.l(frexp.o)
    0x08011068   0x00000074   Code   RO         1526    i.ldexp             m_ws.l(ldexp.o)
    0x080110dc   0x000000a0   Code   RO         1160    i.sin               m_ws.l(sin.o)
    0x0801117c   0x0000004c   Code   RO         1289    i.sqrt              m_ws.l(sqrt.o)
    0x080111c8   0x0000002c   Code   RO         1371    locale$$code        c_w.l(lc_numeric_c.o)
    0x080111f4   0x0000002c   Code   RO         1392    locale$$code        c_w.l(lc_ctype_c.o)
    0x08011220   0x00000062   Code   RO         1065    x$fpl$d2f           fz_ws.l(d2f.o)
    0x08011282   0x00000002   PAD
    0x08011284   0x00000150   Code   RO         1067    x$fpl$dadd          fz_ws.l(daddsub_clz.o)
    0x080113d4   0x00000010   Code   RO         1373    x$fpl$dcheck1       fz_ws.l(dcheck1.o)
    0x080113e4   0x00000018   Code   RO         1447    x$fpl$dcmpinf       fz_ws.l(dcmpi.o)
    0x080113fc   0x000002b0   Code   RO         1074    x$fpl$ddiv          fz_ws.l(ddiv.o)
    0x080116ac   0x00000078   Code   RO         1499    x$fpl$deqf          fz_ws.l(deqf.o)
    0x08011724   0x0000005e   Code   RO         1077    x$fpl$dfix          fz_ws.l(dfix.o)
    0x08011782   0x00000002   PAD
    0x08011784   0x0000005a   Code   RO         1081    x$fpl$dfixu         fz_ws.l(dfixu.o)
    0x080117de   0x0000002e   Code   RO         1086    x$fpl$dflt          fz_ws.l(dflt_clz.o)
    0x0801180c   0x00000026   Code   RO         1085    x$fpl$dfltu         fz_ws.l(dflt_clz.o)
    0x08011832   0x00000002   PAD
    0x08011834   0x00000078   Code   RO         1375    x$fpl$dleqf         fz_ws.l(dleqf.o)
    0x080118ac   0x00000154   Code   RO         1091    x$fpl$dmul          fz_ws.l(dmul.o)
    0x08011a00   0x0000009c   Code   RO         1232    x$fpl$dnaninf       fz_ws.l(dnaninf.o)
    0x08011a9c   0x0000000c   Code   RO         1234    x$fpl$dretinf       fz_ws.l(dretinf.o)
    0x08011aa8   0x0000006c   Code   RO         1501    x$fpl$drleqf        fz_ws.l(drleqf.o)
    0x08011b14   0x00000016   Code   RO         1068    x$fpl$drsb          fz_ws.l(daddsub_clz.o)
    0x08011b2a   0x00000002   PAD
    0x08011b2c   0x000001cc   Code   RO         1377    x$fpl$dsqrt         fz_ws.l(dsqrt_noumaal.o)
    0x08011cf8   0x000001d4   Code   RO         1069    x$fpl$dsub          fz_ws.l(daddsub_clz.o)
    0x08011ecc   0x00000056   Code   RO         1093    x$fpl$f2d           fz_ws.l(f2d.o)
    0x08011f22   0x00000002   PAD
    0x08011f24   0x000000c4   Code   RO         1095    x$fpl$fadd          fz_ws.l(faddsub_clz.o)
    0x08011fe8   0x00000018   Code   RO         1236    x$fpl$fcmpinf       fz_ws.l(fcmpi.o)
    0x08012000   0x00000184   Code   RO         1102    x$fpl$fdiv          fz_ws.l(fdiv.o)
    0x08012184   0x00000068   Code   RO         1105    x$fpl$feqf          fz_ws.l(feqf.o)
    0x080121ec   0x00000036   Code   RO         1107    x$fpl$ffix          fz_ws.l(ffix.o)
    0x08012222   0x00000002   PAD
    0x08012224   0x0000003e   Code   RO         1111    x$fpl$ffixu         fz_ws.l(ffixu.o)
    0x08012262   0x00000002   PAD
    0x08012264   0x00000030   Code   RO         1116    x$fpl$fflt          fz_ws.l(fflt_clz.o)
    0x08012294   0x00000026   Code   RO         1115    x$fpl$ffltu         fz_ws.l(fflt_clz.o)
    0x080122ba   0x00000002   PAD
    0x080122bc   0x00000068   Code   RO         1121    x$fpl$fleqf         fz_ws.l(fleqf.o)
    0x08012324   0x00000102   Code   RO         1123    x$fpl$fmul          fz_ws.l(fmul.o)
    0x08012426   0x0000008c   Code   RO         1238    x$fpl$fnaninf       fz_ws.l(fnaninf.o)
    0x080124b2   0x0000000a   Code   RO         1240    x$fpl$fretinf       fz_ws.l(fretinf.o)
    0x080124bc   0x00000062   Code   RO         1125    x$fpl$frleqf        fz_ws.l(frleqf.o)
    0x0801251e   0x00000002   PAD
    0x08012520   0x000000ea   Code   RO         1097    x$fpl$fsub          fz_ws.l(faddsub_clz.o)
    0x0801260a   0x00000004   Code   RO         1127    x$fpl$printf1       fz_ws.l(printf1.o)
    0x0801260e   0x00000064   Code   RO         1449    x$fpl$retnan        fz_ws.l(retnan.o)
    0x08012672   0x0000005c   Code   RO         1242    x$fpl$scalbn        fz_ws.l(scalbn.o)
    0x080126ce   0x00000004   Code   RO         1381    x$fpl$scanf1        fz_ws.l(scanf1.o)
    0x080126d2   0x00000008   Code   RO         1464    x$fpl$scanf2        fz_ws.l(scanf2.o)
    0x080126da   0x00000030   Code   RO         1470    x$fpl$trapveneer    fz_ws.l(trapv.o)
    0x0801270a   0x00000000   Code   RO         1244    x$fpl$usenofp       fz_ws.l(usenofp.o)
    0x0801270a   0x00000040   Data   RO          408    .constdata          vs10xx.o
    0x0801274a   0x00000002   PAD
    0x0801274c   0x00000050   Data   RO          509    .constdata          inv_mpu.o
    0x0801279c   0x00000bf6   Data   RO          540    .constdata          inv_mpu_dmp_motion_driver.o
    0x08013392   0x00000002   PAD
    0x08013394   0x00000018   Data   RO          585    .constdata          malloc.o
    0x080133ac   0x00000138   Data   RO          707    .constdata          exfuns_1.o
    0x080134e4   0x0000003a   Data   RO          749    .constdata          ff_1.o
    0x0801351e   0x000003c0   Data   RO          785    .constdata          mycc936_1.o
    0x080138de   0x00000028   Data   RO         1013    .constdata          c_w.l(_printf_hex_int_ll_ptr.o)
    0x08013906   0x00000011   Data   RO         1033    .constdata          c_w.l(__printf_flags_ss_wp.o)
    0x08013917   0x00000001   PAD
    0x08013918   0x00000050   Data   RO         1131    .constdata          m_ws.l(asin.o)
    0x08013968   0x00000008   Data   RO         1196    .constdata          c_w.l(_printf_wctomb.o)
    0x08013970   0x00000098   Data   RO         1247    .constdata          m_ws.l(atan.o)
    0x08013a08   0x00000030   Data   RO         1256    .constdata          m_ws.l(cos_i.o)
    0x08013a38   0x00000008   Data   RO         1276    .constdata          m_ws.l(qnan.o)
    0x08013a40   0x000000c8   Data   RO         1279    .constdata          m_ws.l(rred.o)
    0x08013b08   0x00000028   Data   RO         1283    .constdata          m_ws.l(sin_i.o)
    0x08013b30   0x00000094   Data   RO         1340    .constdata          c_w.l(bigflt0.o)
    0x08013bc4   0x0000004d   Data   RO          510    .conststring        inv_mpu.o
    0x08013c11   0x00000003   PAD
    0x08013c14   0x00000064   Data   RO          708    .conststring        exfuns_1.o
    0x08013c78   0x00000020   Data   RO         1572    Region$$Table       anon$$obj.o
    0x08013c98   0x00000008   Data   RO         1459    c$$dinf             fz_ws.l(fpconst.o)
    0x08013ca0   0x0000001c   Data   RO         1370    locale$$data        c_w.l(lc_numeric_c.o)
    0x08013cbc   0x00000110   Data   RO         1391    locale$$data        c_w.l(lc_ctype_c.o)


    Execution Region RW_IRAM1 (Base: 0x20000000, Size: 0x0000eba8, Max: 0x00010000, ABSOLUTE, COMPRESSED[0x00000064])

    Base Addr    Size         Type   Attr      Idx    E Section Name        Object

    0x20000000   0x00000014   Data   RW          235    .data               system_stm32f10x.o
    0x20000014   0x00000005   Data   RW          254    .data               usart2.o
    0x20000019   0x00000003   PAD
    0x2000001c   0x0000000a   Data   RW          277    .data               usart3.o
    0x20000026   0x00000002   PAD
    0x20000028   0x0000001c   Data   RW          367    .data               motor.o
    0x20000044   0x00000002   Data   RW          387    .data               w25qxx.o
    0x20000046   0x00000008   Data   RW          409    .data               vs10xx.o
    0x2000004e   0x00000002   PAD
    0x20000050   0x00000008   Data   RW          455    .data               sr04.o
    0x20000058   0x0000005c   Data   RW          511    .data               inv_mpu.o
    0x200000b4   0x00000011   Data   RW          564    .data               exti.o
    0x200000c5   0x00000003   PAD
    0x200000c8   0x0000001c   Data   RW          586    .data               malloc.o
    0x200000e4   0x00000010   Data   RW          605    .data               mp3player.o
    0x200000f4   0x00000004   Data   RW          630    .data               delay.o
    0x200000f8   0x00000007   Data   RW          662    .data               usart.o
    0x200000ff   0x00000001   PAD
    0x20000100   0x00000002   Data   RW          684    .data               diskio_1.o
    0x20000102   0x00000002   PAD
    0x20000104   0x0000001c   Data   RW          709    .data               exfuns_1.o
    0x20000120   0x0000000a   Data   RW          750    .data               ff_1.o
    0x2000012a   0x00000002   PAD
    0x2000012c   0x00000010   Data   RW          814    .data               sdio_sdcard_1.o
    0x2000013c   0x00000014   Data   RW          885    .data               stm32f10x_rcc.o
    0x20000150   0x00000190   Zero   RW          253    .bss                usart2.o
    0x200002e0   0x00000af0   Zero   RW          276    .bss                usart3.o
    0x20000dd0   0x00001000   Zero   RW          386    .bss                w25qxx.o
    0x20001dd0   0x00000010   Zero   RW          539    .bss                inv_mpu_dmp_motion_driver.o
    0x20001de0   0x0000aa00   Zero   RW          584    .bss                malloc.o
    0x2000c7e0   0x00000311   Zero   RW          604    .bss                mp3player.o
    0x2000caf1   0x00001770   Zero   RW          661    .bss                usart.o
    0x2000e261   0x00000021   Zero   RW          764    .bss                fontupd_1.o
    0x2000e282   0x00000006   PAD
    0x2000e288   0x000002c0   Zero   RW          813    .bss                sdio_sdcard_1.o
    0x2000e548   0x00000060   Zero   RW         1297    .bss                c_w.l(libspace.o)
    0x2000e5a8   0x00000200   Zero   RW          842    HEAP                startup_stm32f10x_hd.o
    0x2000e7a8   0x00000400   Zero   RW          841    STACK               startup_stm32f10x_hd.o



  Load Region LR$$.ARM.__AT_0x68000000 (Base: 0x68000000, Size: 0x00000000, Max: 0x000f0000, ABSOLUTE)

    Execution Region ER$$.ARM.__AT_0x68000000 (Base: 0x68000000, Size: 0x000f0000, Max: 0x000f0000, ABSOLUTE, UNINIT)

    Base Addr    Size         Type   Attr      Idx    E Section Name        Object

    0x68000000   0x000f0000   Zero   RW          582    .ARM.__AT_0x68000000  malloc.o



  Load Region LR$$.ARM.__AT_0x680F0000 (Base: 0x680f0000, Size: 0x00000000, Max: 0x0000f000, ABSOLUTE)

    Execution Region ER$$.ARM.__AT_0x680F0000 (Base: 0x680f0000, Size: 0x0000f000, Max: 0x0000f000, ABSOLUTE, UNINIT)

    Base Addr    Size         Type   Attr      Idx    E Section Name        Object

    0x680f0000   0x0000f000   Zero   RW          583    .ARM.__AT_0x680F0000  malloc.o


==============================================================================

Image component sizes


      Code (inc. data)   RO Data    RW Data    ZI Data      Debug   Object Name

       136         12          0          0          0        729   beep.o
       212         18          0          4          0       1011   delay.o
       512          8          0          2          0       4134   diskio_1.o
       424         22        412         28          0       2676   exfuns_1.o
       380         46          0         17          0       1462   exti.o
     13028        144         58         10          0      33966   ff_1.o
         0          0          0          0         33       1493   fontupd_1.o
      9020        212        157         92          0      24039   inv_mpu.o
      3440        126       3062          0         16      15043   inv_mpu_dmp_motion_driver.o
        76          8          0          0          0        487   led.o
       656        144          0          0          0     282225   main.o
       556         18         24         28    1088000       4592   malloc.o
       220         22          0          0          0       1785   misc.o
      2112        172          0         28          0       5579   motor.o
       224         34          0         16        785       4179   mp3player.o
       940         28          0          0          0       4215   mpu6050.o
       588         14          0          0          0       2034   mpuiic.o
       204         12        960          0          0       1561   mycc936_1.o
      7216        256          0         16        704      24380   sdio_sdcard_1.o
       516         18          0          0          0       1844   spi.o
       636         50          0          8          0       1967   sr04.o
        64         26        304          0       1536        796   startup_stm32f10x_hd.o
       596          8          0          0          0       4314   stm32f10x_dma.o
       284         10          0          0          0       2219   stm32f10x_exti.o
       860         38          0          0          0       5633   stm32f10x_gpio.o
        26          0          0          0          0       1174   stm32f10x_it.o
       932         36          0         20          0       8800   stm32f10x_rcc.o
       468         22          0          0          0       7076   stm32f10x_sdio.o
       780         14          0          0          0       6514   stm32f10x_spi.o
      3610         88          0          0          0      22116   stm32f10x_tim.o
      1032         22          0          0          0       8356   stm32f10x_usart.o
        12          0          0          0          0        611   sys.o
       480         38          0         20          0       1719   system_stm32f10x.o
       596         94          0          7       6000       3618   usart.o
       620        116          0          5        400       2335   usart2.o
      1460        188          0         10       2800       4619   usart3.o
      1952         60         64          8          0       8387   vs10xx.o
       872         30          0          2       4096       4301   w25qxx.o

    ----------------------------------------------------------------------
     55744       2154       5080        336    1104376     511989   Object Totals
         0          0         32          0          0          0   (incl. Generated)
         4          0          7         15          6          0   (incl. Padding)

    ----------------------------------------------------------------------

      Code (inc. data)   RO Data    RW Data    ZI Data      Debug   Library Member Name

        24          4          0          0          0         84   __2printf.o
        44          6          0          0          0         84   __2sprintf.o
        90          0          0          0          0          0   __dczerorl2.o
         8          0          0          0          0         68   __main.o
       392          4         17          0          0         92   __printf_flags_ss_wp.o
        14          0          0          0          0         68   __printf_wp.o
         0          0          0          0          0          0   __rtentry.o
        12          0          0          0          0          0   __rtentry2.o
         6          0          0          0          0          0   __rtentry4.o
        52          8          0          0          0          0   __scatter.o
        28          0          0          0          0          0   __scatter_zi.o
        28          0          0          0          0         68   _chval.o
         6          0          0          0          0          0   _printf_a.o
         6          0          0          0          0          0   _printf_c.o
        44          0          0          0          0        108   _printf_char.o
        48          6          0          0          0         96   _printf_char_common.o
        36          4          0          0          0         80   _printf_char_file.o
        40          0          0          0          0         68   _printf_charcount.o
         6          0          0          0          0          0   _printf_d.o
       120         16          0          0          0         92   _printf_dec.o
         6          0          0          0          0          0   _printf_e.o
         6          0          0          0          0          0   _printf_f.o
      1050          0          0          0          0        216   _printf_fp_dec.o
       128         16          0          0          0         84   _printf_fp_infnan.o
         6          0          0          0          0          0   _printf_g.o
       148          4         40          0          0        160   _printf_hex_int_ll_ptr.o
         6          0          0          0          0          0   _printf_i.o
       178          0          0          0          0         88   _printf_intcommon.o
        10          0          0          0          0          0   _printf_l.o
         6          0          0          0          0          0   _printf_lc.o
        10          0          0          0          0          0   _printf_ll.o
         6          0          0          0          0          0   _printf_lld.o
         6          0          0          0          0          0   _printf_lli.o
         6          0          0          0          0          0   _printf_llo.o
         6          0          0          0          0          0   _printf_llu.o
         6          0          0          0          0          0   _printf_llx.o
       124         16          0          0          0         92   _printf_longlong_dec.o
         6          0          0          0          0          0   _printf_ls.o
         6          0          0          0          0          0   _printf_n.o
         6          0          0          0          0          0   _printf_o.o
       112          8          0          0          0        124   _printf_oct_int_ll.o
         6          0          0          0          0          0   _printf_p.o
        78          0          0          0          0        108   _printf_pad.o
         0          0          0          0          0          0   _printf_percent.o
         4          0          0          0          0          0   _printf_percent_end.o
         6          0          0          0          0          0   _printf_s.o
        82          0          0          0          0         80   _printf_str.o
        36          0          0          0          0         84   _printf_truncate.o
         6          0          0          0          0          0   _printf_u.o
        44          0          0          0          0        108   _printf_wchar.o
       188          6          8          0          0         92   _printf_wctomb.o
         6          0          0          0          0          0   _printf_x.o
        22          0          0          0          0        100   _rserrno.o
        64          0          0          0          0         84   _sgetc.o
        10          0          0          0          0         68   _sputc.o
       158          0          0          0          0         92   _strtoul.o
        64          0          0          0          0         92   _wcrtomb.o
        16          0          0          0          0         68   aeabi_memset.o
        26          0          0          0          0         80   atoi.o
       220          4        148          0          0         96   bigflt0.o
      2074        132          0          0          0        940   btod.o
        36          4          0          0          0         76   c89vsprintf.o
        12          0          0          0          0         72   exit.o
         8          0          0          0          0         68   ferror.o
         6          0          0          0          0        152   heapauxi.o
        18          0          0          0          0         76   isspace.o
        44         10        272          0          0         76   lc_ctype_c.o
        44         10         28          0          0         76   lc_numeric_c.o
         2          0          0          0          0          0   libinit.o
        30          0          0          0          0          0   libinit2.o
         2          0          0          0          0          0   libshutdown.o
         2          0          0          0          0          0   libshutdown2.o
         8          4          0          0         96         68   libspace.o
        72          0          0          0          0         76   llsdiv.o
        38          0          0          0          0         68   llshl.o
       138          0          0          0          0         80   lludiv10.o
       238          0          0          0          0        100   lludivv7m.o
        88          0          0          0          0         76   memcmp.o
        16          4          0          0          0         76   rt_ctype_table.o
         8          4          0          0          0         68   rt_errno_addr_intlibspace.o
         8          4          0          0          0         68   rt_locale_intlibspace.o
        68          0          0          0          0         68   rt_memclr.o
        78          0          0          0          0         80   rt_memclr_w.o
       138          0          0          0          0         68   rt_memcpy_v6.o
       100          0          0          0          0         80   rt_memcpy_w.o
         2          0          0          0          0          0   rtexit.o
        10          0          0          0          0          0   rtexit2.o
      1188         12          0          0          0        148   scanf_fp.o
       792         14          0          0          0        100   scanf_hexfp.o
       308         16          0          0          0        100   scanf_infnan.o
        20          0          0          0          0         68   strchr.o
       128          0          0          0          0         68   strcmpv7m.o
        72          0          0          0          0         80   strcpy.o
        62          0          0          0          0         76   strlen.o
       160         12          0          0          0        120   strtod.o
       112          0          0          0          0         88   strtol.o
        74          0          0          0          0         80   sys_stackheap_outer.o
         2          0          0          0          0         68   use_no_semi.o
         2          0          0          0          0         68   use_no_semi_2.o
        98          4          0          0          0         92   d2f.o
       826         16          0          0          0        348   daddsub_clz.o
        16          4          0          0          0         68   dcheck1.o
        24          0          0          0          0         68   dcmpi.o
       688        140          0          0          0        208   ddiv.o
       120          4          0          0          0         92   deqf.o
        94          4          0          0          0         92   dfix.o
        90          4          0          0          0         92   dfixu.o
        84          0          0          0          0        136   dflt_clz.o
       120          4          0          0          0         92   dleqf.o
       340         12          0          0          0        104   dmul.o
       156          4          0          0          0         92   dnaninf.o
        12          0          0          0          0         68   dretinf.o
       108          0          0          0          0         80   drleqf.o
       460         56          0          0          0        120   dsqrt_noumaal.o
        86          4          0          0          0         84   f2d.o
       430          8          0          0          0        168   faddsub_clz.o
        24          0          0          0          0         68   fcmpi.o
       388         76          0          0          0         96   fdiv.o
       104          4          0          0          0         84   feqf.o
        54          4          0          0          0         84   ffix.o
        62          4          0          0          0         84   ffixu.o
        86          0          0          0          0        136   fflt_clz.o
       104          4          0          0          0         84   fleqf.o
       258          4          0          0          0         84   fmul.o
       140          4          0          0          0         84   fnaninf.o
         0          0          8          0          0          0   fpconst.o
        10          0          0          0          0         68   fretinf.o
        98          0          0          0          0         68   frleqf.o
         4          0          0          0          0         68   printf1.o
       100          0          0          0          0         68   retnan.o
        92          0          0          0          0         68   scalbn.o
         4          0          0          0          0         68   scanf1.o
         8          0          0          0          0         84   scanf2.o
        48          0          0          0          0         68   trapv.o
         0          0          0          0          0          0   usenofp.o
       624         52         80          0          0        168   asin.o
       544         70        152          0          0        124   atan.o
       384         38          0          0          0        144   atan2.o
        42          0          0          0          0         84   atof.o
       156          8          0          0          0        104   cos.o
       252         22         48          0          0        124   cos_i.o
        52          6          0          0          0        340   dunder.o
        40          0          0          0          0         68   fpclassify.o
        88          8          0          0          0         76   frexp.o
       138          0          0          0          0        160   ldexp.o
       152          4          0          0          0        168   narrow.o
       170          0          0          0          0         96   poly.o
         0          0          8          0          0          0   qnan.o
       904         76        200          0          0        140   rred.o
       160         10          0          0          0        108   sin.o
       236         12         40          0          0        128   sin_i.o
        76          0          0          0          0         84   sqrt.o

    ----------------------------------------------------------------------
     19482       1000       1050          0         96      11884   Library Totals
        42          2          1          0          0          0   (incl. Padding)

    ----------------------------------------------------------------------

      Code (inc. data)   RO Data    RW Data    ZI Data      Debug   Library Name

     10086        328        513          0         96       6400   c_w.l
      5336        364          8          0          0       3368   fz_ws.l
      4018        306        528          0          0       2116   m_ws.l

    ----------------------------------------------------------------------
     19482       1000       1050          0         96      11884   Library Totals

    ----------------------------------------------------------------------

==============================================================================


      Code (inc. data)   RO Data    RW Data    ZI Data      Debug   

     75226       3154       6130        336    1104472     513781   Grand Totals
     75226       3154       6130        100    1104472     513781   ELF Image Totals (compressed)
     75226       3154       6130        100          0          0   ROM Totals

==============================================================================

    Total RO  Size (Code + RO Data)                81356 (  79.45kB)
    Total RW  Size (RW Data + ZI Data)           1104808 (1078.91kB)
    Total ROM Size (Code + RO Data + RW Data)      81456 (  79.55kB)

==============================================================================

